Archive member included to satisfy reference by file (symbol)

c:/st/stm32cubeide_1.5.0/stm32cubeide/plugins/com.st.stm32cube.ide.mcu.externaltools.gnu-tools-for-stm32.7-2018-q2-update.win32_1.5.0.202011040924/tools/bin/../lib/gcc/arm-none-eabi/7.3.1/../../../../arm-none-eabi/lib/thumb/v7e-m/fpv4-sp/hard\libc_nano.a(lib_a-errno.o)
                              Core/Src/syscalls.o (__errno)
c:/st/stm32cubeide_1.5.0/stm32cubeide/plugins/com.st.stm32cube.ide.mcu.externaltools.gnu-tools-for-stm32.7-2018-q2-update.win32_1.5.0.202011040924/tools/bin/../lib/gcc/arm-none-eabi/7.3.1/../../../../arm-none-eabi/lib/thumb/v7e-m/fpv4-sp/hard\libc_nano.a(lib_a-exit.o)
                              c:/st/stm32cubeide_1.5.0/stm32cubeide/plugins/com.st.stm32cube.ide.mcu.externaltools.gnu-tools-for-stm32.7-2018-q2-update.win32_1.5.0.202011040924/tools/bin/../lib/gcc/arm-none-eabi/7.3.1/../../../../arm-none-eabi/lib/thumb/v7e-m/fpv4-sp/hard/crt0.o (exit)
c:/st/stm32cubeide_1.5.0/stm32cubeide/plugins/com.st.stm32cube.ide.mcu.externaltools.gnu-tools-for-stm32.7-2018-q2-update.win32_1.5.0.202011040924/tools/bin/../lib/gcc/arm-none-eabi/7.3.1/../../../../arm-none-eabi/lib/thumb/v7e-m/fpv4-sp/hard\libc_nano.a(lib_a-impure.o)
                              c:/st/stm32cubeide_1.5.0/stm32cubeide/plugins/com.st.stm32cube.ide.mcu.externaltools.gnu-tools-for-stm32.7-2018-q2-update.win32_1.5.0.202011040924/tools/bin/../lib/gcc/arm-none-eabi/7.3.1/../../../../arm-none-eabi/lib/thumb/v7e-m/fpv4-sp/hard\libc_nano.a(lib_a-exit.o) (_global_impure_ptr)
c:/st/stm32cubeide_1.5.0/stm32cubeide/plugins/com.st.stm32cube.ide.mcu.externaltools.gnu-tools-for-stm32.7-2018-q2-update.win32_1.5.0.202011040924/tools/bin/../lib/gcc/arm-none-eabi/7.3.1/../../../../arm-none-eabi/lib/thumb/v7e-m/fpv4-sp/hard\libc_nano.a(lib_a-init.o)
                              c:/st/stm32cubeide_1.5.0/stm32cubeide/plugins/com.st.stm32cube.ide.mcu.externaltools.gnu-tools-for-stm32.7-2018-q2-update.win32_1.5.0.202011040924/tools/bin/../lib/gcc/arm-none-eabi/7.3.1/../../../../arm-none-eabi/lib/thumb/v7e-m/fpv4-sp/hard/crt0.o (__libc_init_array)
c:/st/stm32cubeide_1.5.0/stm32cubeide/plugins/com.st.stm32cube.ide.mcu.externaltools.gnu-tools-for-stm32.7-2018-q2-update.win32_1.5.0.202011040924/tools/bin/../lib/gcc/arm-none-eabi/7.3.1/../../../../arm-none-eabi/lib/thumb/v7e-m/fpv4-sp/hard\libc_nano.a(lib_a-memset.o)
                              c:/st/stm32cubeide_1.5.0/stm32cubeide/plugins/com.st.stm32cube.ide.mcu.externaltools.gnu-tools-for-stm32.7-2018-q2-update.win32_1.5.0.202011040924/tools/bin/../lib/gcc/arm-none-eabi/7.3.1/../../../../arm-none-eabi/lib/thumb/v7e-m/fpv4-sp/hard/crt0.o (memset)
c:/st/stm32cubeide_1.5.0/stm32cubeide/plugins/com.st.stm32cube.ide.mcu.externaltools.gnu-tools-for-stm32.7-2018-q2-update.win32_1.5.0.202011040924/tools/bin/../lib/gcc/arm-none-eabi/7.3.1/../../../../arm-none-eabi/lib/thumb/v7e-m/fpv4-sp/hard\libc_nano.a(lib_a-strlen.o)
                              Core/Src/main.o (strlen)
c:/st/stm32cubeide_1.5.0/stm32cubeide/plugins/com.st.stm32cube.ide.mcu.externaltools.gnu-tools-for-stm32.7-2018-q2-update.win32_1.5.0.202011040924/tools/bin/../lib/gcc/arm-none-eabi/7.3.1/../../../../arm-none-eabi/lib/thumb/v7e-m/fpv4-sp/hard\libc_nano.a(lib_a-strtol.o)
                              Core/Src/main.o (strtol)
c:/st/stm32cubeide_1.5.0/stm32cubeide/plugins/com.st.stm32cube.ide.mcu.externaltools.gnu-tools-for-stm32.7-2018-q2-update.win32_1.5.0.202011040924/tools/bin/../lib/gcc/arm-none-eabi/7.3.1/../../../../arm-none-eabi/lib/thumb/v7e-m/fpv4-sp/hard\libc_nano.a(lib_a-vsprintf.o)
                              Core/Src/main.o (vsprintf)
c:/st/stm32cubeide_1.5.0/stm32cubeide/plugins/com.st.stm32cube.ide.mcu.externaltools.gnu-tools-for-stm32.7-2018-q2-update.win32_1.5.0.202011040924/tools/bin/../lib/gcc/arm-none-eabi/7.3.1/../../../../arm-none-eabi/lib/thumb/v7e-m/fpv4-sp/hard\libc_nano.a(lib_a-locale.o)
                              c:/st/stm32cubeide_1.5.0/stm32cubeide/plugins/com.st.stm32cube.ide.mcu.externaltools.gnu-tools-for-stm32.7-2018-q2-update.win32_1.5.0.202011040924/tools/bin/../lib/gcc/arm-none-eabi/7.3.1/../../../../arm-none-eabi/lib/thumb/v7e-m/fpv4-sp/hard\libc_nano.a(lib_a-strtol.o) (__locale_ctype_ptr_l)
c:/st/stm32cubeide_1.5.0/stm32cubeide/plugins/com.st.stm32cube.ide.mcu.externaltools.gnu-tools-for-stm32.7-2018-q2-update.win32_1.5.0.202011040924/tools/bin/../lib/gcc/arm-none-eabi/7.3.1/../../../../arm-none-eabi/lib/thumb/v7e-m/fpv4-sp/hard\libc_nano.a(lib_a-mbtowc_r.o)
                              c:/st/stm32cubeide_1.5.0/stm32cubeide/plugins/com.st.stm32cube.ide.mcu.externaltools.gnu-tools-for-stm32.7-2018-q2-update.win32_1.5.0.202011040924/tools/bin/../lib/gcc/arm-none-eabi/7.3.1/../../../../arm-none-eabi/lib/thumb/v7e-m/fpv4-sp/hard\libc_nano.a(lib_a-locale.o) (__ascii_mbtowc)
[...]
Memory Configuration

Name             Origin             Length             Attributes
CCMRAM           0x0000000010000000 0x0000000000004000 xrw
RAM              0x0000000020000000 0x0000000000010000 xrw
FLASH            0x0000000008000000 0x0000000000080000 xr
*default*        0x0000000000000000 0xffffffffffffffff

Linker script and memory map

LOAD c:/st/stm32cubeide_1.5.0/stm32cubeide/plugins/com.st.stm32cube.ide.mcu.externaltools.gnu-tools-for-stm32.7-2018-q2-update.win32_1.5.0.202011040924/tools/bin/../lib/gcc/arm-none-eabi/7.3.1/thumb/v7e-m/fpv4-sp/hard/crti.o
LOAD c:/st/stm32cubeide_1.5.0/stm32cubeide/plugins/com.st.stm32cube.ide.mcu.externaltools.gnu-tools-for-stm32.7-2018-q2-update.win32_1.5.0.202011040924/tools/bin/../lib/gcc/arm-none-eabi/7.3.1/thumb/v7e-m/fpv4-sp/hard/crtbegin.o
LOAD c:/st/stm32cubeide_1.5.0/stm32cubeide/plugins/com.st.stm32cube.ide.mcu.externaltools.gnu-tools-for-stm32.7-2018-q2-update.win32_1.5.0.202011040924/tools/bin/../lib/gcc/arm-none-eabi/7.3.1/../../../../arm-none-eabi/lib/thumb/v7e-m/fpv4-sp/hard/crt0.o
LOAD Core/Src/flash.o
LOAD Core/Src/main.o
LOAD Core/Src/stm32f3xx_hal_msp.o
LOAD Core/Src/stm32f3xx_it.o
LOAD Core/Src/syscalls.o
LOAD Core/Src/sysmem.o
LOAD Core/Src/system_stm32f3xx.o
LOAD Core/Src/uart.o
LOAD Core/Src/xmodem.o
LOAD Core/Startup/startup_stm32f303retx.o
LOAD Drivers/STM32F3xx_HAL_Driver/Src/stm32f3xx_hal.o
LOAD Drivers/STM32F3xx_HAL_Driver/Src/stm32f3xx_hal_cortex.o
LOAD Drivers/STM32F3xx_HAL_Driver/Src/stm32f3xx_hal_crc.o
LOAD Drivers/STM32F3xx_HAL_Driver/Src/stm32f3xx_hal_crc_ex.o
LOAD Drivers/STM32F3xx_HAL_Driver/Src/stm32f3xx_hal_dma.o
LOAD Drivers/STM32F3xx_HAL_Driver/Src/stm32f3xx_hal_exti.o
LOAD Drivers/STM32F3xx_HAL_Driver/Src/stm32f3xx_hal_flash.o
LOAD Drivers/STM32F3xx_HAL_Driver/Src/stm32f3xx_hal_flash_ex.o
LOAD Drivers/STM32F3xx_HAL_Driver/Src/stm32f3xx_hal_gpio.o
LOAD Drivers/STM32F3xx_HAL_Driver/Src/stm32f3xx_hal_i2c.o
LOAD Drivers/STM32F3xx_HAL_Driver/Src/stm32f3xx_hal_i2c_ex.o
LOAD Drivers/STM32F3xx_HAL_Driver/Src/stm32f3xx_hal_pwr.o
LOAD Drivers/STM32F3xx_HAL_Driver/Src/stm32f3xx_hal_pwr_ex.o
LOAD Drivers/STM32F3xx_HAL_Driver/Src/stm32f3xx_hal_rcc.o
LOAD Drivers/STM32F3xx_HAL_Driver/Src/stm32f3xx_hal_rcc_ex.o
LOAD Drivers/STM32F3xx_HAL_Driver/Src/stm32f3xx_hal_tim.o
LOAD Drivers/STM32F3xx_HAL_Driver/Src/stm32f3xx_hal_tim_ex.o
LOAD Drivers/STM32F3xx_HAL_Driver/Src/stm32f3xx_hal_uart.o
LOAD Drivers/STM32F3xx_HAL_Driver/Src/stm32f3xx_hal_uart_ex.o
START GROUP
LOAD c:/st/stm32cubeide_1.5.0/stm32cubeide/plugins/com.st.stm32cube.ide.mcu.externaltools.gnu-tools-for-stm32.7-2018-q2-update.win32_1.5.0.202011040924/tools/bin/../lib/gcc/arm-none-eabi/7.3.1/../../../../arm-none-eabi/lib/thumb/v7e-m/fpv4-sp/hard\libc_nano.a
LOAD c:/st/stm32cubeide_1.5.0/stm32cubeide/plugins/com.st.stm32cube.ide.mcu.externaltools.gnu-tools-for-stm32.7-2018-q2-update.win32_1.5.0.202011040924/tools/bin/../lib/gcc/arm-none-eabi/7.3.1/../../../../arm-none-eabi/lib/thumb/v7e-m/fpv4-sp/hard\libm.a
END GROUP
START GROUP
LOAD c:/st/stm32cubeide_1.5.0/stm32cubeide/plugins/com.st.stm32cube.ide.mcu.externaltools.gnu-tools-for-stm32.7-2018-q2-update.win32_1.5.0.202011040924/tools/bin/../lib/gcc/arm-none-eabi/7.3.1/thumb/v7e-m/fpv4-sp/hard\libgcc.a
LOAD c:/st/stm32cubeide_1.5.0/stm32cubeide/plugins/com.st.stm32cube.ide.mcu.externaltools.gnu-tools-for-stm32.7-2018-q2-update.win32_1.5.0.202011040924/tools/bin/../lib/gcc/arm-none-eabi/7.3.1/../../../../arm-none-eabi/lib/thumb/v7e-m/fpv4-sp/hard\libc_nano.a
END GROUP
START GROUP
LOAD c:/st/stm32cubeide_1.5.0/stm32cubeide/plugins/com.st.stm32cube.ide.mcu.externaltools.gnu-tools-for-stm32.7-2018-q2-update.win32_1.5.0.202011040924/tools/bin/../lib/gcc/arm-none-eabi/7.3.1/thumb/v7e-m/fpv4-sp/hard\libgcc.a
LOAD c:/st/stm32cubeide_1.5.0/stm32cubeide/plugins/com.st.stm32cube.ide.mcu.externaltools.gnu-tools-for-stm32.7-2018-q2-update.win32_1.5.0.202011040924/tools/bin/../lib/gcc/arm-none-eabi/7.3.1/../../../../arm-none-eabi/lib/thumb/v7e-m/fpv4-sp/hard\libc_nano.a
LOAD c:/st/stm32cubeide_1.5.0/stm32cubeide/plugins/com.st.stm32cube.ide.mcu.externaltools.gnu-tools-for-stm32.7-2018-q2-update.win32_1.5.0.202011040924/tools/bin/../lib/gcc/arm-none-eabi/7.3.1/../../../../arm-none-eabi/lib/thumb/v7e-m/fpv4-sp/hard\libnosys.a
END GROUP
START GROUP
LOAD c:/st/stm32cubeide_1.5.0/stm32cubeide/plugins/com.st.stm32cube.ide.mcu.externaltools.gnu-tools-for-stm32.7-2018-q2-update.win32_1.5.0.202011040924/tools/bin/../lib/gcc/arm-none-eabi/7.3.1/thumb/v7e-m/fpv4-sp/hard\libgcc.a
LOAD c:/st/stm32cubeide_1.5.0/stm32cubeide/plugins/com.st.stm32cube.ide.mcu.externaltools.gnu-tools-for-stm32.7-2018-q2-update.win32_1.5.0.202011040924/tools/bin/../lib/gcc/arm-none-eabi/7.3.1/../../../../arm-none-eabi/lib/thumb/v7e-m/fpv4-sp/hard\libc_nano.a
LOAD c:/st/stm32cubeide_1.5.0/stm32cubeide/plugins/com.st.stm32cube.ide.mcu.externaltools.gnu-tools-for-stm32.7-2018-q2-update.win32_1.5.0.202011040924/tools/bin/../lib/gcc/arm-none-eabi/7.3.1/../../../../arm-none-eabi/lib/thumb/v7e-m/fpv4-sp/hard\libnosys.a
END GROUP
LOAD c:/st/stm32cubeide_1.5.0/stm32cubeide/plugins/com.st.stm32cube.ide.mcu.externaltools.gnu-tools-for-stm32.7-2018-q2-update.win32_1.5.0.202011040924/tools/bin/../lib/gcc/arm-none-eabi/7.3.1/thumb/v7e-m/fpv4-sp/hard/crtend.o
LOAD c:/st/stm32cubeide_1.5.0/stm32cubeide/plugins/com.st.stm32cube.ide.mcu.externaltools.gnu-tools-for-stm32.7-2018-q2-update.win32_1.5.0.202011040924/tools/bin/../lib/gcc/arm-none-eabi/7.3.1/thumb/v7e-m/fpv4-sp/hard/crtn.o
                0x0000000020010000                _estack = (ORIGIN (RAM) + LENGTH (RAM))
                0x0000000000000200                _Min_Heap_Size = 0x200
                0x0000000000000400                _Min_Stack_Size = 0x400

.isr_vector     0x0000000008000000      0x194
                0x0000000008000000                . = ALIGN (0x4)
 *(.isr_vector)
 .isr_vector    0x0000000008000000      0x194 Core/Startup/startup_stm32f303retx.o
                0x0000000008000000                g_pfnVectors
                0x0000000008000194                . = ALIGN (0x4)

.text           0x00000000080001a0     0x4894
                0x00000000080001a0                . = ALIGN (0x4)
 *(.text)
 .text          0x00000000080001a0       0x40 c:/st/stm32cubeide_1.5.0/stm32cubeide/plugins/com.st.stm32cube.ide.mcu.externaltools.gnu-tools-for-stm32.7-2018-q2-update.win32_1.5.0.202011040924/tools/bin/../lib/gcc/arm-none-eabi/7.3.1/thumb/v7e-m/fpv4-sp/hard/crtbegin.o
 .text          0x00000000080001e0       0x10 c:/st/stm32cubeide_1.5.0/stm32cubeide/plugins/com.st.stm32cube.ide.mcu.externaltools.gnu-tools-for-stm32.7-2018-q2-update.win32_1.5.0.202011040924/tools/bin/../lib/gcc/arm-none-eabi/7.3.1/../../../../arm-none-eabi/lib/thumb/v7e-m/fpv4-sp/hard\libc_nano.a(lib_a-strlen.o)
                0x00000000080001e0                strlen
 .text          0x00000000080001f0       0xa0 c:/st/stm32cubeide_1.5.0/stm32cubeide/plugins/com.st.stm32cube.ide.mcu.externaltools.gnu-tools-for-stm32.7-2018-q2-update.win32_1.5.0.202011040924/tools/bin/../lib/gcc/arm-none-eabi/7.3.1/../../../../arm-none-eabi/lib/thumb/v7e-m/fpv4-sp/hard\libc_nano.a(lib_a-memchr.o)
                0x00000000080001f0                memchr
 *(.text*)
 .text.erase_flash
                0x0000000008000290       0x48 Core/Src/flash.o
                0x0000000008000290                erase_flash
 .text.write_flash
                0x00000000080002d8       0xa8 Core/Src/flash.o
                0x00000000080002d8                write_flash
 .text.flash_jump_userapp
                0x0000000008000380       0x38 Core/Src/flash.o
                0x0000000008000380                flash_jump_userapp
 .text.main     0x00000000080003b8      0x15c Core/Src/main.o
                0x00000000080003b8                main
 .text.SystemClock_Config
                0x0000000008000514       0xc0 Core/Src/main.o
                0x0000000008000514                SystemClock_Config
 .text.MX_CRC_Init
                0x00000000080005d4       0x44 Core/Src/main.o
 .text.MX_USART2_UART_Init
                0x0000000008000618       0x60 Core/Src/main.o
 .text.MX_USART3_UART_Init
                0x0000000008000678       0x60 Core/Src/main.o
 .text.MX_GPIO_Init
                0x00000000080006d8       0xd0 Core/Src/main.o
 .text.bootloader_uart_read_data
                0x00000000080007a8      0x12c Core/Src/main.o
                0x00000000080007a8                bootloader_uart_read_data
 .text.My_flash_write
                0x00000000080008d4       0x84 Core/Src/main.o
                0x00000000080008d4                My_flash_write
 .text.My_flash_erase
                0x0000000008000958       0x48 Core/Src/main.o
                0x0000000008000958                My_flash_erase
 .text.Wait_For_EnterKey
                0x00000000080009a0       0x34 Core/Src/main.o
                0x00000000080009a0                Wait_For_EnterKey
 .text.printmsg
                0x00000000080009d4       0x50 Core/Src/main.o
 .text.Error_Handler
                0x0000000008000a24        0x8 Core/Src/main.o
                0x0000000008000a24                Error_Handler
 .text.HAL_MspInit
                0x0000000008000a2c       0x48 Core/Src/stm32f3xx_hal_msp.o
                0x0000000008000a2c                HAL_MspInit
 .text.HAL_CRC_MspInit
                0x0000000008000a74       0x40 Core/Src/stm32f3xx_hal_msp.o
                0x0000000008000a74                HAL_CRC_MspInit
 .text.HAL_UART_MspInit
                0x0000000008000ab4       0xec Core/Src/stm32f3xx_hal_msp.o
                0x0000000008000ab4                HAL_UART_MspInit
 .text.NMI_Handler
                0x0000000008000ba0        0x6 Core/Src/stm32f3xx_it.o
                0x0000000008000ba0                NMI_Handler
 .text.HardFault_Handler
                0x0000000008000ba6        0x6 Core/Src/stm32f3xx_it.o
                0x0000000008000ba6                HardFault_Handler
 .text.MemManage_Handler
                0x0000000008000bac        0x6 Core/Src/stm32f3xx_it.o
                0x0000000008000bac                MemManage_Handler
 .text.BusFault_Handler
                0x0000000008000bb2        0x6 Core/Src/stm32f3xx_it.o
                0x0000000008000bb2                BusFault_Handler
 .text.UsageFault_Handler
                0x0000000008000bb8        0x6 Core/Src/stm32f3xx_it.o
                0x0000000008000bb8                UsageFault_Handler
 .text.SVC_Handler
                0x0000000008000bbe        0xe Core/Src/stm32f3xx_it.o
                0x0000000008000bbe                SVC_Handler
 .text.DebugMon_Handler
                0x0000000008000bcc        0xe Core/Src/stm32f3xx_it.o
                0x0000000008000bcc                DebugMon_Handler
 .text.PendSV_Handler
                0x0000000008000bda        0xe Core/Src/stm32f3xx_it.o
                0x0000000008000bda                PendSV_Handler
 .text.SysTick_Handler
                0x0000000008000be8        0xc Core/Src/stm32f3xx_it.o
                0x0000000008000be8                SysTick_Handler
 .text._sbrk    0x0000000008000bf4       0x6c Core/Src/sysmem.o
                0x0000000008000bf4                _sbrk
 .text.SystemInit
                0x0000000008000c60       0x24 Core/Src/system_stm32f3xx.o
                0x0000000008000c60                SystemInit
 .text.uart_rcv
                0x0000000008000c84       0x38 Core/Src/uart.o
                0x0000000008000c84                uart_rcv
 .text.uart_trnsmt_str
                0x0000000008000cbc       0x4c Core/Src/uart.o
                0x0000000008000cbc                uart_trnsmt_str
 .text.uart_trnsmt_ch
                0x0000000008000d08       0x48 Core/Src/uart.o
                0x0000000008000d08                uart_trnsmt_ch
 .text.xmodem_rcv
                0x0000000008000d50      0x180 Core/Src/xmodem.o
                0x0000000008000d50                xmodem_rcv
 .text.xmodem_calculate_crc
                0x0000000008000ed0       0x74 Core/Src/xmodem.o
 .text.xmodem_packet_handler
                0x0000000008000f44      0x1dc Core/Src/xmodem.o
 .text.xmodem_error_handler
                0x0000000008001120       0x4c Core/Src/xmodem.o
 .text.Reset_Handler
                0x000000000800116c       0x50 Core/Startup/startup_stm32f303retx.o
                0x000000000800116c                Reset_Handler
 .text.Default_Handler
                0x00000000080011bc        0x2 Core/Startup/startup_stm32f303retx.o
                0x00000000080011bc                RTC_Alarm_IRQHandler
                0x00000000080011bc                TIM8_TRG_COM_IRQHandler
                0x00000000080011bc                TIM8_CC_IRQHandler
                0x00000000080011bc                SPI4_IRQHandler
                0x00000000080011bc                TIM1_CC_IRQHandler
                0x00000000080011bc                USB_HP_IRQHandler
                0x00000000080011bc                PVD_IRQHandler
                0x00000000080011bc                TAMP_STAMP_IRQHandler
                0x00000000080011bc                EXTI3_IRQHandler
                0x00000000080011bc                I2C3_ER_IRQHandler
                0x00000000080011bc                USB_HP_CAN_TX_IRQHandler
                0x00000000080011bc                EXTI0_IRQHandler
                0x00000000080011bc                I2C2_EV_IRQHandler
                0x00000000080011bc                FPU_IRQHandler
                0x00000000080011bc                TIM1_UP_TIM16_IRQHandler
                0x00000000080011bc                ADC1_2_IRQHandler
                0x00000000080011bc                SPI1_IRQHandler
                0x00000000080011bc                CAN_SCE_IRQHandler
                0x00000000080011bc                TIM6_DAC_IRQHandler
                0x00000000080011bc                TIM8_UP_IRQHandler
                0x00000000080011bc                DMA2_Channel2_IRQHandler
                0x00000000080011bc                DMA1_Channel4_IRQHandler
                0x00000000080011bc                TIM20_TRG_COM_IRQHandler
                0x00000000080011bc                USART3_IRQHandler
                0x00000000080011bc                DMA1_Channel7_IRQHandler
                0x00000000080011bc                UART5_IRQHandler
                0x00000000080011bc                ADC3_IRQHandler
                0x00000000080011bc                TIM4_IRQHandler
                0x00000000080011bc                CAN_RX1_IRQHandler
                0x00000000080011bc                DMA2_Channel1_IRQHandler
                0x00000000080011bc                I2C1_EV_IRQHandler
                0x00000000080011bc                DMA1_Channel6_IRQHandler
                0x00000000080011bc                UART4_IRQHandler
                0x00000000080011bc                DMA2_Channel4_IRQHandler
                0x00000000080011bc                TIM3_IRQHandler
                0x00000000080011bc                RCC_IRQHandler
                0x00000000080011bc                TIM20_UP_IRQHandler
                0x00000000080011bc                DMA1_Channel1_IRQHandler
                0x00000000080011bc                Default_Handler
                0x00000000080011bc                USBWakeUp_RMP_IRQHandler
                0x00000000080011bc                EXTI15_10_IRQHandler
                0x00000000080011bc                TIM7_IRQHandler
                0x00000000080011bc                I2C3_EV_IRQHandler
                0x00000000080011bc                EXTI9_5_IRQHandler
                0x00000000080011bc                RTC_WKUP_IRQHandler
                0x00000000080011bc                SPI2_IRQHandler
                0x00000000080011bc                USB_LP_CAN_RX0_IRQHandler
                0x00000000080011bc                DMA2_Channel5_IRQHandler
                0x00000000080011bc                DMA1_Channel5_IRQHandler
                0x00000000080011bc                USB_LP_IRQHandler
                0x00000000080011bc                EXTI4_IRQHandler
                0x00000000080011bc                TIM1_TRG_COM_TIM17_IRQHandler
                0x00000000080011bc                DMA1_Channel3_IRQHandler
                0x00000000080011bc                ADC4_IRQHandler
                0x00000000080011bc                WWDG_IRQHandler
                0x00000000080011bc                TIM2_IRQHandler
                0x00000000080011bc                COMP7_IRQHandler
                0x00000000080011bc                COMP1_2_3_IRQHandler
                0x00000000080011bc                EXTI1_IRQHandler
                0x00000000080011bc                USART2_IRQHandler
                0x00000000080011bc                COMP4_5_6_IRQHandler
                0x00000000080011bc                TIM20_BRK_IRQHandler
                0x00000000080011bc                I2C2_ER_IRQHandler
                0x00000000080011bc                DMA1_Channel2_IRQHandler
                0x00000000080011bc                TIM8_BRK_IRQHandler
                0x00000000080011bc                FLASH_IRQHandler
                0x00000000080011bc                TIM20_CC_IRQHandler
                0x00000000080011bc                USART1_IRQHandler
                0x00000000080011bc                SPI3_IRQHandler
                0x00000000080011bc                I2C1_ER_IRQHandler
                0x00000000080011bc                FMC_IRQHandler
                0x00000000080011bc                USBWakeUp_IRQHandler
                0x00000000080011bc                DMA2_Channel3_IRQHandler
                0x00000000080011bc                EXTI2_TSC_IRQHandler
                0x00000000080011bc                TIM1_BRK_TIM15_IRQHandler
 *fill*         0x00000000080011be        0x2 
 .text.HAL_Init
                0x00000000080011c0       0x2c Drivers/STM32F3xx_HAL_Driver/Src/stm32f3xx_hal.o
                0x00000000080011c0                HAL_Init
 .text.HAL_DeInit
                0x00000000080011ec       0x3c Drivers/STM32F3xx_HAL_Driver/Src/stm32f3xx_hal.o
                0x00000000080011ec                HAL_DeInit
 .text.HAL_MspDeInit
                0x0000000008001228        0xe Drivers/STM32F3xx_HAL_Driver/Src/stm32f3xx_hal.o
                0x0000000008001228                HAL_MspDeInit
 *fill*         0x0000000008001236        0x2 
 .text.HAL_InitTick
                0x0000000008001238       0x60 Drivers/STM32F3xx_HAL_Driver/Src/stm32f3xx_hal.o
                0x0000000008001238                HAL_InitTick
 .text.HAL_IncTick
                0x0000000008001298       0x28 Drivers/STM32F3xx_HAL_Driver/Src/stm32f3xx_hal.o
                0x0000000008001298                HAL_IncTick
 .text.HAL_GetTick
                0x00000000080012c0       0x18 Drivers/STM32F3xx_HAL_Driver/Src/stm32f3xx_hal.o
                0x00000000080012c0                HAL_GetTick
 .text.__NVIC_SetPriorityGrouping
                0x00000000080012d8       0x48 Drivers/STM32F3xx_HAL_Driver/Src/stm32f3xx_hal_cortex.o
 .text.__NVIC_GetPriorityGrouping
                0x0000000008001320       0x1c Drivers/STM32F3xx_HAL_Driver/Src/stm32f3xx_hal_cortex.o
 .text.__NVIC_SetPriority
                0x000000000800133c       0x54 Drivers/STM32F3xx_HAL_Driver/Src/stm32f3xx_hal_cortex.o
 .text.NVIC_EncodePriority
                0x0000000008001390       0x66 Drivers/STM32F3xx_HAL_Driver/Src/stm32f3xx_hal_cortex.o
 *fill*         0x00000000080013f6        0x2 
 .text.SysTick_Config
                0x00000000080013f8       0x44 Drivers/STM32F3xx_HAL_Driver/Src/stm32f3xx_hal_cortex.o
 .text.HAL_NVIC_SetPriorityGrouping
                0x000000000800143c       0x16 Drivers/STM32F3xx_HAL_Driver/Src/stm32f3xx_hal_cortex.o
                0x000000000800143c                HAL_NVIC_SetPriorityGrouping
 .text.HAL_NVIC_SetPriority
                0x0000000008001452       0x38 Drivers/STM32F3xx_HAL_Driver/Src/stm32f3xx_hal_cortex.o
                0x0000000008001452                HAL_NVIC_SetPriority
 .text.HAL_SYSTICK_Config
                0x000000000800148a       0x18 Drivers/STM32F3xx_HAL_Driver/Src/stm32f3xx_hal_cortex.o
                0x000000000800148a                HAL_SYSTICK_Config
 *fill*         0x00000000080014a2        0x2 
 .text.HAL_CRC_Init
                0x00000000080014a4       0xc8 Drivers/STM32F3xx_HAL_Driver/Src/stm32f3xx_hal_crc.o
                0x00000000080014a4                HAL_CRC_Init
 .text.HAL_CRCEx_Polynomial_Set
                0x000000000800156c      0x10c Drivers/STM32F3xx_HAL_Driver/Src/stm32f3xx_hal_crc_ex.o
                0x000000000800156c                HAL_CRCEx_Polynomial_Set
 .text.HAL_DMA_Abort
                0x0000000008001678       0x72 Drivers/STM32F3xx_HAL_Driver/Src/stm32f3xx_hal_dma.o
                0x0000000008001678                HAL_DMA_Abort
 .text.HAL_DMA_GetError
                0x00000000080016ea       0x18 Drivers/STM32F3xx_HAL_Driver/Src/stm32f3xx_hal_dma.o
                0x00000000080016ea                HAL_DMA_GetError
 *fill*         0x0000000008001702        0x2 
 .text.HAL_FLASH_Program
                0x0000000008001704       0xe0 Drivers/STM32F3xx_HAL_Driver/Src/stm32f3xx_hal_flash.o
                0x0000000008001704                HAL_FLASH_Program
 .text.HAL_FLASH_Unlock
                0x00000000080017e4       0x4c Drivers/STM32F3xx_HAL_Driver/Src/stm32f3xx_hal_flash.o
                0x00000000080017e4                HAL_FLASH_Unlock
 .text.HAL_FLASH_Lock
                0x0000000008001830       0x20 Drivers/STM32F3xx_HAL_Driver/Src/stm32f3xx_hal_flash.o
                0x0000000008001830                HAL_FLASH_Lock
 .text.FLASH_Program_HalfWord
                0x0000000008001850       0x38 Drivers/STM32F3xx_HAL_Driver/Src/stm32f3xx_hal_flash.o
 .text.FLASH_WaitForLastOperation
                0x0000000008001888       0x80 Drivers/STM32F3xx_HAL_Driver/Src/stm32f3xx_hal_flash.o
                0x0000000008001888                FLASH_WaitForLastOperation
 .text.FLASH_SetErrorCode
                0x0000000008001908       0x64 Drivers/STM32F3xx_HAL_Driver/Src/stm32f3xx_hal_flash.o
 .text.HAL_FLASHEx_Erase
                0x000000000800196c       0xd4 Drivers/STM32F3xx_HAL_Driver/Src/stm32f3xx_hal_flash_ex.o
                0x000000000800196c                HAL_FLASHEx_Erase
 .text.FLASH_MassErase
                0x0000000008001a40       0x34 Drivers/STM32F3xx_HAL_Driver/Src/stm32f3xx_hal_flash_ex.o
 .text.FLASH_PageErase
                0x0000000008001a74       0x40 Drivers/STM32F3xx_HAL_Driver/Src/stm32f3xx_hal_flash_ex.o
                0x0000000008001a74                FLASH_PageErase
 .text.HAL_GPIO_Init
                0x0000000008001ab4      0x314 Drivers/STM32F3xx_HAL_Driver/Src/stm32f3xx_hal_gpio.o
                0x0000000008001ab4                HAL_GPIO_Init
 .text.HAL_GPIO_ReadPin
                0x0000000008001dc8       0x30 Drivers/STM32F3xx_HAL_Driver/Src/stm32f3xx_hal_gpio.o
                0x0000000008001dc8                HAL_GPIO_ReadPin
 .text.HAL_GPIO_WritePin
                0x0000000008001df8       0x30 Drivers/STM32F3xx_HAL_Driver/Src/stm32f3xx_hal_gpio.o
                0x0000000008001df8                HAL_GPIO_WritePin
 .text.HAL_RCC_OscConfig
                0x0000000008001e28      0xe2c Drivers/STM32F3xx_HAL_Driver/Src/stm32f3xx_hal_rcc.o
                0x0000000008001e28                HAL_RCC_OscConfig
 .text.HAL_RCC_ClockConfig
                0x0000000008002c54      0x2f8 Drivers/STM32F3xx_HAL_Driver/Src/stm32f3xx_hal_rcc.o
                0x0000000008002c54                HAL_RCC_ClockConfig
 .text.HAL_RCC_GetSysClockFreq
                0x0000000008002f4c       0xd4 Drivers/STM32F3xx_HAL_Driver/Src/stm32f3xx_hal_rcc.o
                0x0000000008002f4c                HAL_RCC_GetSysClockFreq
 .text.HAL_RCC_GetHCLKFreq
                0x0000000008003020       0x18 Drivers/STM32F3xx_HAL_Driver/Src/stm32f3xx_hal_rcc.o
                0x0000000008003020                HAL_RCC_GetHCLKFreq
 .text.HAL_RCC_GetPCLK1Freq
                0x0000000008003038       0x44 Drivers/STM32F3xx_HAL_Driver/Src/stm32f3xx_hal_rcc.o
                0x0000000008003038                HAL_RCC_GetPCLK1Freq
 .text.HAL_RCC_GetPCLK2Freq
                0x000000000800307c       0x44 Drivers/STM32F3xx_HAL_Driver/Src/stm32f3xx_hal_rcc.o
                0x000000000800307c                HAL_RCC_GetPCLK2Freq
 .text.HAL_RCCEx_PeriphCLKConfig
                0x00000000080030c0      0x43c Drivers/STM32F3xx_HAL_Driver/Src/stm32f3xx_hal_rcc_ex.o
                0x00000000080030c0                HAL_RCCEx_PeriphCLKConfig
 .text.HAL_UART_Init
                0x00000000080034fc       0x9c Drivers/STM32F3xx_HAL_Driver/Src/stm32f3xx_hal_uart.o
                0x00000000080034fc                HAL_UART_Init
 .text.HAL_UART_Transmit
                0x0000000008003598      0x128 Drivers/STM32F3xx_HAL_Driver/Src/stm32f3xx_hal_uart.o
                0x0000000008003598                HAL_UART_Transmit
 .text.HAL_UART_Receive
                0x00000000080036c0      0x1a2 Drivers/STM32F3xx_HAL_Driver/Src/stm32f3xx_hal_uart.o
                0x00000000080036c0                HAL_UART_Receive
 .text.HAL_UART_Abort
                0x0000000008003862      0x140 Drivers/STM32F3xx_HAL_Driver/Src/stm32f3xx_hal_uart.o
                0x0000000008003862                HAL_UART_Abort
 .text.HAL_UART_GetState
                0x00000000080039a2       0x26 Drivers/STM32F3xx_HAL_Driver/Src/stm32f3xx_hal_uart.o
                0x00000000080039a2                HAL_UART_GetState
 .text.UART_SetConfig
                0x00000000080039c8      0x3a8 Drivers/STM32F3xx_HAL_Driver/Src/stm32f3xx_hal_uart.o
                0x00000000080039c8                UART_SetConfig
 .text.UART_AdvFeatureConfig
                0x0000000008003d70      0x144 Drivers/STM32F3xx_HAL_Driver/Src/stm32f3xx_hal_uart.o
                0x0000000008003d70                UART_AdvFeatureConfig
 .text.UART_CheckIdleState
                0x0000000008003eb4       0x92 Drivers/STM32F3xx_HAL_Driver/Src/stm32f3xx_hal_uart.o
                0x0000000008003eb4                UART_CheckIdleState
 .text.UART_WaitOnFlagUntilTimeout
                0x0000000008003f46       0xf8 Drivers/STM32F3xx_HAL_Driver/Src/stm32f3xx_hal_uart.o
                0x0000000008003f46                UART_WaitOnFlagUntilTimeout
 *fill*         0x000000000800403e        0x2 
 .text.__errno  0x0000000008004040        0xc c:/st/stm32cubeide_1.5.0/stm32cubeide/plugins/com.st.stm32cube.ide.mcu.externaltools.gnu-tools-for-stm32.7-2018-q2-update.win32_1.5.0.202011040924/tools/bin/../lib/gcc/arm-none-eabi/7.3.1/../../../../arm-none-eabi/lib/thumb/v7e-m/fpv4-sp/hard\libc_nano.a(lib_a-errno.o)
                0x0000000008004040                __errno
 .text.__libc_init_array
                0x000000000800404c       0x48 c:/st/stm32cubeide_1.5.0/stm32cubeide/plugins/com.st.stm32cube.ide.mcu.externaltools.gnu-tools-for-stm32.7-2018-q2-update.win32_1.5.0.202011040924/tools/bin/../lib/gcc/arm-none-eabi/7.3.1/../../../../arm-none-eabi/lib/thumb/v7e-m/fpv4-sp/hard\libc_nano.a(lib_a-init.o)
                0x000000000800404c                __libc_init_array
 .text.memset   0x0000000008004094       0x10 c:/st/stm32cubeide_1.5.0/stm32cubeide/plugins/com.st.stm32cube.ide.mcu.externaltools.gnu-tools-for-stm32.7-2018-q2-update.win32_1.5.0.202011040924/tools/bin/../lib/gcc/arm-none-eabi/7.3.1/../../../../arm-none-eabi/lib/thumb/v7e-m/fpv4-sp/hard\libc_nano.a(lib_a-memset.o)
                0x0000000008004094                memset
 .text._strtol_l.isra.0
                0x00000000080040a4       0xf6 c:/st/stm32cubeide_1.5.0/stm32cubeide/plugins/com.st.stm32cube.ide.mcu.externaltools.gnu-tools-for-stm32.7-2018-q2-update.win32_1.5.0.202011040924/tools/bin/../lib/gcc/arm-none-eabi/7.3.1/../../../../arm-none-eabi/lib/thumb/v7e-m/fpv4-sp/hard\libc_nano.a(lib_a-strtol.o)
 *fill*         0x000000000800419a        0x2 
 .text.strtol   0x000000000800419c       0x2c c:/st/stm32cubeide_1.5.0/stm32cubeide/plugins/com.st.stm32cube.ide.mcu.externaltools.gnu-tools-for-stm32.7-2018-q2-update.win32_1.5.0.202011040924/tools/bin/../lib/gcc/arm-none-eabi/7.3.1/../../../../arm-none-eabi/lib/thumb/v7e-m/fpv4-sp/hard\libc_nano.a(lib_a-strtol.o)
                0x000000000800419c                strtol
 .text._vsprintf_r
                0x00000000080041c8       0x2c c:/st/stm32cubeide_1.5.0/stm32cubeide/plugins/com.st.stm32cube.ide.mcu.externaltools.gnu-tools-for-stm32.7-2018-q2-update.win32_1.5.0.202011040924/tools/bin/../lib/gcc/arm-none-eabi/7.3.1/../../../../arm-none-eabi/lib/thumb/v7e-m/fpv4-sp/hard\libc_nano.a(lib_a-vsprintf.o)
                0x00000000080041c8                _vsprintf_r
                0x00000000080041c8                _vsiprintf_r
 .text.vsprintf
                0x00000000080041f4       0x14 c:/st/stm32cubeide_1.5.0/stm32cubeide/plugins/com.st.stm32cube.ide.mcu.externaltools.gnu-tools-for-stm32.7-2018-q2-update.win32_1.5.0.202011040924/tools/bin/../lib/gcc/arm-none-eabi/7.3.1/../../../../arm-none-eabi/lib/thumb/v7e-m/fpv4-sp/hard\libc_nano.a(lib_a-vsprintf.o)
                0x00000000080041f4                vsiprintf
                0x00000000080041f4                vsprintf
 .text.__locale_ctype_ptr_l
                0x0000000008004208        0x6 c:/st/stm32cubeide_1.5.0/stm32cubeide/plugins/com.st.stm32cube.ide.mcu.externaltools.gnu-tools-for-stm32.7-2018-q2-update.win32_1.5.0.202011040924/tools/bin/../lib/gcc/arm-none-eabi/7.3.1/../../../../arm-none-eabi/lib/thumb/v7e-m/fpv4-sp/hard\libc_nano.a(lib_a-locale.o)
                0x0000000008004208                __locale_ctype_ptr_l
 .text.__ascii_mbtowc
                0x000000000800420e       0x24 c:/st/stm32cubeide_1.5.0/stm32cubeide/plugins/com.st.stm32cube.ide.mcu.externaltools.gnu-tools-for-stm32.7-2018-q2-update.win32_1.5.0.202011040924/tools/bin/../lib/gcc/arm-none-eabi/7.3.1/../../../../arm-none-eabi/lib/thumb/v7e-m/fpv4-sp/hard\libc_nano.a(lib_a-mbtowc_r.o)
                0x000000000800420e                __ascii_mbtowc
 .text.__ssputs_r
                0x0000000008004232       0xb4 c:/st/stm32cubeide_1.5.0/stm32cubeide/plugins/com.st.stm32cube.ide.mcu.externaltools.gnu-tools-for-stm32.7-2018-q2-update.win32_1.5.0.202011040924/tools/bin/../lib/gcc/arm-none-eabi/7.3.1/../../../../arm-none-eabi/lib/thumb/v7e-m/fpv4-sp/hard\libc_nano.a(lib_a-nano-svfprintf.o)
                0x0000000008004232                __ssputs_r
 *fill*         0x00000000080042e6        0x2 
 .text._svfprintf_r
                0x00000000080042e8      0x1f0 c:/st/stm32cubeide_1.5.0/stm32cubeide/plugins/com.st.stm32cube.ide.mcu.externaltools.gnu-tools-for-stm32.7-2018-q2-update.win32_1.5.0.202011040924/tools/bin/../lib/gcc/arm-none-eabi/7.3.1/../../../../arm-none-eabi/lib/thumb/v7e-m/fpv4-sp/hard\libc_nano.a(lib_a-nano-svfprintf.o)
                0x00000000080042e8                _svfiprintf_r
                0x00000000080042e8                _svfprintf_r
 .text._printf_common
                0x00000000080044d8       0xea c:/st/stm32cubeide_1.5.0/stm32cubeide/plugins/com.st.stm32cube.ide.mcu.externaltools.gnu-tools-for-stm32.7-2018-q2-update.win32_1.5.0.202011040924/tools/bin/../lib/gcc/arm-none-eabi/7.3.1/../../../../arm-none-eabi/lib/thumb/v7e-m/fpv4-sp/hard\libc_nano.a(lib_a-nano-vfprintf_i.o)
                0x00000000080044d8                _printf_common
 *fill*         0x00000000080045c2        0x2 
 .text._printf_i
                0x00000000080045c4      0x224 c:/st/stm32cubeide_1.5.0/stm32cubeide/plugins/com.st.stm32cube.ide.mcu.externaltools.gnu-tools-for-stm32.7-2018-q2-update.win32_1.5.0.202011040924/tools/bin/../lib/gcc/arm-none-eabi/7.3.1/../../../../arm-none-eabi/lib/thumb/v7e-m/fpv4-sp/hard\libc_nano.a(lib_a-nano-vfprintf_i.o)
                0x00000000080045c4                _printf_i
 .text.__ascii_wctomb
                0x00000000080047e8       0x1a c:/st/stm32cubeide_1.5.0/stm32cubeide/plugins/com.st.stm32cube.ide.mcu.externaltools.gnu-tools-for-stm32.7-2018-q2-update.win32_1.5.0.202011040924/tools/bin/../lib/gcc/arm-none-eabi/7.3.1/../../../../arm-none-eabi/lib/thumb/v7e-m/fpv4-sp/hard\libc_nano.a(lib_a-wctomb_r.o)
                0x00000000080047e8                __ascii_wctomb
 .text.memcpy   0x0000000008004802       0x16 c:/st/stm32cubeide_1.5.0/stm32cubeide/plugins/com.st.stm32cube.ide.mcu.externaltools.gnu-tools-for-stm32.7-2018-q2-update.win32_1.5.0.202011040924/tools/bin/../lib/gcc/arm-none-eabi/7.3.1/../../../../arm-none-eabi/lib/thumb/v7e-m/fpv4-sp/hard\libc_nano.a(lib_a-memcpy-stub.o)
                0x0000000008004802                memcpy
 .text.memmove  0x0000000008004818       0x32 c:/st/stm32cubeide_1.5.0/stm32cubeide/plugins/com.st.stm32cube.ide.mcu.externaltools.gnu-tools-for-stm32.7-2018-q2-update.win32_1.5.0.202011040924/tools/bin/../lib/gcc/arm-none-eabi/7.3.1/../../../../arm-none-eabi/lib/thumb/v7e-m/fpv4-sp/hard\libc_nano.a(lib_a-memmove.o)
                0x0000000008004818                memmove
 *fill*         0x000000000800484a        0x2 
 .text._free_r  0x000000000800484c       0x9c c:/st/stm32cubeide_1.5.0/stm32cubeide/plugins/com.st.stm32cube.ide.mcu.externaltools.gnu-tools-for-stm32.7-2018-q2-update.win32_1.5.0.202011040924/tools/bin/../lib/gcc/arm-none-eabi/7.3.1/../../../../arm-none-eabi/lib/thumb/v7e-m/fpv4-sp/hard\libc_nano.a(lib_a-nano-freer.o)
                0x000000000800484c                _free_r
 .text._malloc_r
                0x00000000080048e8       0xb4 c:/st/stm32cubeide_1.5.0/stm32cubeide/plugins/com.st.stm32cube.ide.mcu.externaltools.gnu-tools-for-stm32.7-2018-q2-update.win32_1.5.0.202011040924/tools/bin/../lib/gcc/arm-none-eabi/7.3.1/../../../../arm-none-eabi/lib/thumb/v7e-m/fpv4-sp/hard\libc_nano.a(lib_a-nano-mallocr.o)
                0x00000000080048e8                _malloc_r
 .text._realloc_r
                0x000000000800499c       0x4c c:/st/stm32cubeide_1.5.0/stm32cubeide/plugins/com.st.stm32cube.ide.mcu.externaltools.gnu-tools-for-stm32.7-2018-q2-update.win32_1.5.0.202011040924/tools/bin/../lib/gcc/arm-none-eabi/7.3.1/../../../../arm-none-eabi/lib/thumb/v7e-m/fpv4-sp/hard\libc_nano.a(lib_a-nano-reallocr.o)
                0x000000000800499c                _realloc_r
 .text._sbrk_r  0x00000000080049e8       0x20 c:/st/stm32cubeide_1.5.0/stm32cubeide/plugins/com.st.stm32cube.ide.mcu.externaltools.gnu-tools-for-stm32.7-2018-q2-update.win32_1.5.0.202011040924/tools/bin/../lib/gcc/arm-none-eabi/7.3.1/../../../../arm-none-eabi/lib/thumb/v7e-m/fpv4-sp/hard\libc_nano.a(lib_a-sbrkr.o)
                0x00000000080049e8                _sbrk_r
 .text.__malloc_lock
                0x0000000008004a08        0x2 c:/st/stm32cubeide_1.5.0/stm32cubeide/plugins/com.st.stm32cube.ide.mcu.externaltools.gnu-tools-for-stm32.7-2018-q2-update.win32_1.5.0.202011040924/tools/bin/../lib/gcc/arm-none-eabi/7.3.1/../../../../arm-none-eabi/lib/thumb/v7e-m/fpv4-sp/hard\libc_nano.a(lib_a-mlock.o)
                0x0000000008004a08                __malloc_lock
 .text.__malloc_unlock
                0x0000000008004a0a        0x2 c:/st/stm32cubeide_1.5.0/stm32cubeide/plugins/com.st.stm32cube.ide.mcu.externaltools.gnu-tools-for-stm32.7-2018-q2-update.win32_1.5.0.202011040924/tools/bin/../lib/gcc/arm-none-eabi/7.3.1/../../../../arm-none-eabi/lib/thumb/v7e-m/fpv4-sp/hard\libc_nano.a(lib_a-mlock.o)
                0x0000000008004a0a                __malloc_unlock
 .text._malloc_usable_size_r
                0x0000000008004a0c       0x10 c:/st/stm32cubeide_1.5.0/stm32cubeide/plugins/com.st.stm32cube.ide.mcu.externaltools.gnu-tools-for-stm32.7-2018-q2-update.win32_1.5.0.202011040924/tools/bin/../lib/gcc/arm-none-eabi/7.3.1/../../../../arm-none-eabi/lib/thumb/v7e-m/fpv4-sp/hard\libc_nano.a(lib_a-nano-msizer.o)
                0x0000000008004a0c                _malloc_usable_size_r
 *(.glue_7)
 .glue_7        0x0000000008004a1c        0x0 linker stubs
 *(.glue_7t)
 .glue_7t       0x0000000008004a1c        0x0 linker stubs
 *(.eh_frame)
 .eh_frame      0x0000000008004a1c        0x0 c:/st/stm32cubeide_1.5.0/stm32cubeide/plugins/com.st.stm32cube.ide.mcu.externaltools.gnu-tools-for-stm32.7-2018-q2-update.win32_1.5.0.202011040924/tools/bin/../lib/gcc/arm-none-eabi/7.3.1/thumb/v7e-m/fpv4-sp/hard/crtbegin.o
 *(.init)
 .init          0x0000000008004a1c        0x4 c:/st/stm32cubeide_1.5.0/stm32cubeide/plugins/com.st.stm32cube.ide.mcu.externaltools.gnu-tools-for-stm32.7-2018-q2-update.win32_1.5.0.202011040924/tools/bin/../lib/gcc/arm-none-eabi/7.3.1/thumb/v7e-m/fpv4-sp/hard/crti.o
                0x0000000008004a1c                _init
 .init          0x0000000008004a20        0x8 c:/st/stm32cubeide_1.5.0/stm32cubeide/plugins/com.st.stm32cube.ide.mcu.externaltools.gnu-tools-for-stm32.7-2018-q2-update.win32_1.5.0.202011040924/tools/bin/../lib/gcc/arm-none-eabi/7.3.1/thumb/v7e-m/fpv4-sp/hard/crtn.o
 *(.fini)
 .fini          0x0000000008004a28        0x4 c:/st/stm32cubeide_1.5.0/stm32cubeide/plugins/com.st.stm32cube.ide.mcu.externaltools.gnu-tools-for-stm32.7-2018-q2-update.win32_1.5.0.202011040924/tools/bin/../lib/gcc/arm-none-eabi/7.3.1/thumb/v7e-m/fpv4-sp/hard/crti.o
                0x0000000008004a28                _fini
 .fini          0x0000000008004a2c        0x8 c:/st/stm32cubeide_1.5.0/stm32cubeide/plugins/com.st.stm32cube.ide.mcu.externaltools.gnu-tools-for-stm32.7-2018-q2-update.win32_1.5.0.202011040924/tools/bin/../lib/gcc/arm-none-eabi/7.3.1/thumb/v7e-m/fpv4-sp/hard/crtn.o
                0x0000000008004a34                . = ALIGN (0x4)
                0x0000000008004a34                _etext = .

.vfp11_veneer   0x0000000008004a34        0x0
 .vfp11_veneer  0x0000000008004a34        0x0 linker stubs

.v4_bx          0x0000000008004a34        0x0
 .v4_bx         0x0000000008004a34        0x0 linker stubs

.iplt           0x0000000008004a34        0x0
 .iplt          0x0000000008004a34        0x0 c:/st/stm32cubeide_1.5.0/stm32cubeide/plugins/com.st.stm32cube.ide.mcu.externaltools.gnu-tools-for-stm32.7-2018-q2-update.win32_1.5.0.202011040924/tools/bin/../lib/gcc/arm-none-eabi/7.3.1/thumb/v7e-m/fpv4-sp/hard/crtbegin.o

.rodata         0x0000000008004a34      0x3a4
                0x0000000008004a34                . = ALIGN (0x4)
 *(.rodata)
 .rodata        0x0000000008004a34      0x1ed Core/Src/main.o
 *fill*         0x0000000008004c21        0x3 
 .rodata        0x0000000008004c24       0x39 Core/Src/xmodem.o
 *(.rodata*)
 *fill*         0x0000000008004c5d        0x3 
 .rodata.AHBPrescTable
                0x0000000008004c60       0x10 Core/Src/system_stm32f3xx.o
                0x0000000008004c60                AHBPrescTable
 .rodata.APBPrescTable
                0x0000000008004c70        0x8 Core/Src/system_stm32f3xx.o
                0x0000000008004c70                APBPrescTable
 .rodata.aPLLMULFactorTable
                0x0000000008004c78       0x10 Drivers/STM32F3xx_HAL_Driver/Src/stm32f3xx_hal_rcc.o
                0x0000000008004c78                aPLLMULFactorTable
 .rodata.aPredivFactorTable
                0x0000000008004c88       0x10 Drivers/STM32F3xx_HAL_Driver/Src/stm32f3xx_hal_rcc.o
                0x0000000008004c88                aPredivFactorTable
 .rodata._setlocale_r.str1.1
                0x0000000008004c98        0x8 c:/st/stm32cubeide_1.5.0/stm32cubeide/plugins/com.st.stm32cube.ide.mcu.externaltools.gnu-tools-for-stm32.7-2018-q2-update.win32_1.5.0.202011040924/tools/bin/../lib/gcc/arm-none-eabi/7.3.1/../../../../arm-none-eabi/lib/thumb/v7e-m/fpv4-sp/hard\libc_nano.a(lib_a-locale.o)
                                          0x9 (size before relaxing)
 .rodata.str1.1
                0x0000000008004ca0        0x2 c:/st/stm32cubeide_1.5.0/stm32cubeide/plugins/com.st.stm32cube.ide.mcu.externaltools.gnu-tools-for-stm32.7-2018-q2-update.win32_1.5.0.202011040924/tools/bin/../lib/gcc/arm-none-eabi/7.3.1/../../../../arm-none-eabi/lib/thumb/v7e-m/fpv4-sp/hard\libc_nano.a(lib_a-locale.o)
 .rodata._svfprintf_r.str1.1
                0x0000000008004ca2       0x11 c:/st/stm32cubeide_1.5.0/stm32cubeide/plugins/com.st.stm32cube.ide.mcu.externaltools.gnu-tools-for-stm32.7-2018-q2-update.win32_1.5.0.202011040924/tools/bin/../lib/gcc/arm-none-eabi/7.3.1/../../../../arm-none-eabi/lib/thumb/v7e-m/fpv4-sp/hard\libc_nano.a(lib_a-nano-svfprintf.o)
 .rodata._printf_i.str1.1
                0x0000000008004cb3       0x22 c:/st/stm32cubeide_1.5.0/stm32cubeide/plugins/com.st.stm32cube.ide.mcu.externaltools.gnu-tools-for-stm32.7-2018-q2-update.win32_1.5.0.202011040924/tools/bin/../lib/gcc/arm-none-eabi/7.3.1/../../../../arm-none-eabi/lib/thumb/v7e-m/fpv4-sp/hard\libc_nano.a(lib_a-nano-vfprintf_i.o)
 .rodata._ctype_
                0x0000000008004cd5      0x101 c:/st/stm32cubeide_1.5.0/stm32cubeide/plugins/com.st.stm32cube.ide.mcu.externaltools.gnu-tools-for-stm32.7-2018-q2-update.win32_1.5.0.202011040924/tools/bin/../lib/gcc/arm-none-eabi/7.3.1/../../../../arm-none-eabi/lib/thumb/v7e-m/fpv4-sp/hard\libc_nano.a(lib_a-ctype_.o)
                0x0000000008004cd5                _ctype_
                0x0000000008004dd8                . = ALIGN (0x4)
 *fill*         0x0000000008004dd6        0x2 

.rel.dyn        0x0000000008004dd8        0x0
 .rel.iplt      0x0000000008004dd8        0x0 c:/st/stm32cubeide_1.5.0/stm32cubeide/plugins/com.st.stm32cube.ide.mcu.externaltools.gnu-tools-for-stm32.7-2018-q2-update.win32_1.5.0.202011040924/tools/bin/../lib/gcc/arm-none-eabi/7.3.1/thumb/v7e-m/fpv4-sp/hard/crtbegin.o

.ARM.extab      0x0000000008004dd8        0x0
                0x0000000008004dd8                . = ALIGN (0x4)
 *(.ARM.extab* .gnu.linkonce.armextab.*)
                0x0000000008004dd8                . = ALIGN (0x4)

.ARM            0x0000000008004dd8        0x0
                0x0000000008004dd8                . = ALIGN (0x4)
                0x0000000008004dd8                __exidx_start = .
 *(.ARM.exidx*)
                0x0000000008004dd8                __exidx_end = .
                0x0000000008004dd8                . = ALIGN (0x4)

.preinit_array  0x0000000008004dd8        0x0
                0x0000000008004dd8                . = ALIGN (0x4)
                0x0000000008004dd8                PROVIDE (__preinit_array_start = .)
 *(.preinit_array*)
                0x0000000008004dd8                PROVIDE (__preinit_array_end = .)
                0x0000000008004dd8                . = ALIGN (0x4)

.init_array     0x0000000008004dd8        0x4
                0x0000000008004dd8                . = ALIGN (0x4)
                0x0000000008004dd8                PROVIDE (__init_array_start = .)
 *(SORT_BY_NAME(.init_array.*))
 *(.init_array*)
 .init_array    0x0000000008004dd8        0x4 c:/st/stm32cubeide_1.5.0/stm32cubeide/plugins/com.st.stm32cube.ide.mcu.externaltools.gnu-tools-for-stm32.7-2018-q2-update.win32_1.5.0.202011040924/tools/bin/../lib/gcc/arm-none-eabi/7.3.1/thumb/v7e-m/fpv4-sp/hard/crtbegin.o
                0x0000000008004ddc                PROVIDE (__init_array_end = .)
                0x0000000008004ddc                . = ALIGN (0x4)

.fini_array     0x0000000008004ddc        0x4
                0x0000000008004ddc                . = ALIGN (0x4)
                [!provide]                        PROVIDE (__fini_array_start = .)
 *(SORT_BY_NAME(.fini_array.*))
 *(.fini_array*)
 .fini_array    0x0000000008004ddc        0x4 c:/st/stm32cubeide_1.5.0/stm32cubeide/plugins/com.st.stm32cube.ide.mcu.externaltools.gnu-tools-for-stm32.7-2018-q2-update.win32_1.5.0.202011040924/tools/bin/../lib/gcc/arm-none-eabi/7.3.1/thumb/v7e-m/fpv4-sp/hard/crtbegin.o
                [!provide]                        PROVIDE (__fini_array_end = .)
                0x0000000008004de0                . = ALIGN (0x4)
                0x0000000008004de0                _sidata = LOADADDR (.data)

.data           0x0000000020000000      0x1e0 load address 0x0000000008004de0
                0x0000000020000000                . = ALIGN (0x4)
                0x0000000020000000                _sdata = .
 *(.data)
 *(.data*)
 .data.SystemCoreClock
                0x0000000020000000        0x4 Core/Src/system_stm32f3xx.o
                0x0000000020000000                SystemCoreClock
 .data.xmodem_packet_number
                0x0000000020000004        0x1 Core/Src/xmodem.o
 *fill*         0x0000000020000005        0x3 
 .data.uwTickPrio
                0x0000000020000008        0x4 Drivers/STM32F3xx_HAL_Driver/Src/stm32f3xx_hal.o
                0x0000000020000008                uwTickPrio
 .data.uwTickFreq
                0x000000002000000c        0x1 Drivers/STM32F3xx_HAL_Driver/Src/stm32f3xx_hal.o
                0x000000002000000c                uwTickFreq
 *fill*         0x000000002000000d        0x3 
 .data._impure_ptr
                0x0000000020000010        0x4 c:/st/stm32cubeide_1.5.0/stm32cubeide/plugins/com.st.stm32cube.ide.mcu.externaltools.gnu-tools-for-stm32.7-2018-q2-update.win32_1.5.0.202011040924/tools/bin/../lib/gcc/arm-none-eabi/7.3.1/../../../../arm-none-eabi/lib/thumb/v7e-m/fpv4-sp/hard\libc_nano.a(lib_a-impure.o)
                0x0000000020000010                _impure_ptr
 .data.impure_data
                0x0000000020000014       0x60 c:/st/stm32cubeide_1.5.0/stm32cubeide/plugins/com.st.stm32cube.ide.mcu.externaltools.gnu-tools-for-stm32.7-2018-q2-update.win32_1.5.0.202011040924/tools/bin/../lib/gcc/arm-none-eabi/7.3.1/../../../../arm-none-eabi/lib/thumb/v7e-m/fpv4-sp/hard\libc_nano.a(lib_a-impure.o)
 .data.__global_locale
                0x0000000020000074      0x16c c:/st/stm32cubeide_1.5.0/stm32cubeide/plugins/com.st.stm32cube.ide.mcu.externaltools.gnu-tools-for-stm32.7-2018-q2-update.win32_1.5.0.202011040924/tools/bin/../lib/gcc/arm-none-eabi/7.3.1/../../../../arm-none-eabi/lib/thumb/v7e-m/fpv4-sp/hard\libc_nano.a(lib_a-locale.o)
                0x0000000020000074                __global_locale
 *(.RamFunc)
 *(.RamFunc*)
                0x00000000200001e0                . = ALIGN (0x4)
                0x00000000200001e0                _edata = .

.igot.plt       0x00000000200001e0        0x0 load address 0x0000000008004fc0
 .igot.plt      0x00000000200001e0        0x0 c:/st/stm32cubeide_1.5.0/stm32cubeide/plugins/com.st.stm32cube.ide.mcu.externaltools.gnu-tools-for-stm32.7-2018-q2-update.win32_1.5.0.202011040924/tools/bin/../lib/gcc/arm-none-eabi/7.3.1/thumb/v7e-m/fpv4-sp/hard/crtbegin.o
                0x00000000200001e0                . = ALIGN (0x4)

.bss            0x00000000200001e0      0x18c load address 0x0000000008004fc0
                0x00000000200001e0                _sbss = .
                0x00000000200001e0                __bss_start__ = _sbss
 *(.bss)
 .bss           0x00000000200001e0       0x1c c:/st/stm32cubeide_1.5.0/stm32cubeide/plugins/com.st.stm32cube.ide.mcu.externaltools.gnu-tools-for-stm32.7-2018-q2-update.win32_1.5.0.202011040924/tools/bin/../lib/gcc/arm-none-eabi/7.3.1/thumb/v7e-m/fpv4-sp/hard/crtbegin.o
 *(.bss*)
 .bss.__sbrk_heap_end
                0x00000000200001fc        0x4 Core/Src/sysmem.o
 .bss.xmodem_actual_flash_address
                0x0000000020000200        0x4 Core/Src/xmodem.o
 .bss.x_first_packet_received
                0x0000000020000204        0x1 Core/Src/xmodem.o
 *fill*         0x0000000020000205        0x3 
 .bss.__malloc_free_list
                0x0000000020000208        0x4 c:/st/stm32cubeide_1.5.0/stm32cubeide/plugins/com.st.stm32cube.ide.mcu.externaltools.gnu-tools-for-stm32.7-2018-q2-update.win32_1.5.0.202011040924/tools/bin/../lib/gcc/arm-none-eabi/7.3.1/../../../../arm-none-eabi/lib/thumb/v7e-m/fpv4-sp/hard\libc_nano.a(lib_a-nano-mallocr.o)
                0x0000000020000208                __malloc_free_list
 .bss.__malloc_sbrk_start
                0x000000002000020c        0x4 c:/st/stm32cubeide_1.5.0/stm32cubeide/plugins/com.st.stm32cube.ide.mcu.externaltools.gnu-tools-for-stm32.7-2018-q2-update.win32_1.5.0.202011040924/tools/bin/../lib/gcc/arm-none-eabi/7.3.1/../../../../arm-none-eabi/lib/thumb/v7e-m/fpv4-sp/hard\libc_nano.a(lib_a-nano-mallocr.o)
                0x000000002000020c                __malloc_sbrk_start
 *(COMMON)
 COMMON         0x0000000020000210      0x134 Core/Src/main.o
                0x0000000020000210                huart3
                0x0000000020000294                hcrc
                0x00000000200002b8                userAppAddr
                0x00000000200002bc                userAppCounter
                0x00000000200002c0                huart2
 COMMON         0x0000000020000344        0x4 Drivers/STM32F3xx_HAL_Driver/Src/stm32f3xx_hal.o
                0x0000000020000344                uwTick
 COMMON         0x0000000020000348       0x20 Drivers/STM32F3xx_HAL_Driver/Src/stm32f3xx_hal_flash.o
                0x0000000020000348                pFlash
 COMMON         0x0000000020000368        0x4 c:/st/stm32cubeide_1.5.0/stm32cubeide/plugins/com.st.stm32cube.ide.mcu.externaltools.gnu-tools-for-stm32.7-2018-q2-update.win32_1.5.0.202011040924/tools/bin/../lib/gcc/arm-none-eabi/7.3.1/../../../../arm-none-eabi/lib/thumb/v7e-m/fpv4-sp/hard\libc_nano.a(lib_a-reent.o)
                0x0000000020000368                errno
                0x000000002000036c                . = ALIGN (0x4)
                0x000000002000036c                _ebss = .
                0x000000002000036c                __bss_end__ = _ebss

._user_heap_stack
                0x000000002000036c      0x604 load address 0x0000000008004fc0
                0x0000000020000370                . = ALIGN (0x8)
 *fill*         0x000000002000036c        0x4 
                [!provide]                        PROVIDE (end = .)
                0x0000000020000370                PROVIDE (_end = .)
                0x0000000020000570                . = (. + _Min_Heap_Size)
 *fill*         0x0000000020000370      0x200 
                0x0000000020000970                . = (. + _Min_Stack_Size)
 *fill*         0x0000000020000570      0x400 
                0x0000000020000970                . = ALIGN (0x8)

/DISCARD/
 libc.a(*)
 libm.a(*)
 libgcc.a(*)

.ARM.attributes
                0x0000000000000000       0x30
 *(.ARM.attributes)
 .ARM.attributes
                0x0000000000000000       0x22 c:/st/stm32cubeide_1.5.0/stm32cubeide/plugins/com.st.stm32cube.ide.mcu.externaltools.gnu-tools-for-stm32.7-2018-q2-update.win32_1.5.0.202011040924/tools/bin/../lib/gcc/arm-none-eabi/7.3.1/thumb/v7e-m/fpv4-sp/hard/crti.o
 .ARM.attributes
                0x0000000000000022       0x34 c:/st/stm32cubeide_1.5.0/stm32cubeide/plugins/com.st.stm32cube.ide.mcu.externaltools.gnu-tools-for-stm32.7-2018-q2-update.win32_1.5.0.202011040924/tools/bin/../lib/gcc/arm-none-eabi/7.3.1/thumb/v7e-m/fpv4-sp/hard/crtbegin.o
 .ARM.attributes
                0x0000000000000056       0x39 Core/Src/flash.o
 .ARM.attributes
                0x000000000000008f       0x39 Core/Src/main.o
 .ARM.attributes
                0x00000000000000c8       0x39 Core/Src/stm32f3xx_hal_msp.o
 .ARM.attributes
                0x0000000000000101       0x39 Core/Src/stm32f3xx_it.o
 .ARM.attributes
                0x000000000000013a       0x39 Core/Src/sysmem.o
 .ARM.attributes
                0x0000000000000173       0x39 Core/Src/system_stm32f3xx.o
 .ARM.attributes
                0x00000000000001ac       0x39 Core/Src/uart.o
 .ARM.attributes
                0x00000000000001e5       0x39 Core/Src/xmodem.o
 .ARM.attributes
                0x000000000000021e       0x21 Core/Startup/startup_stm32f303retx.o
 .ARM.attributes
                0x000000000000023f       0x39 Drivers/STM32F3xx_HAL_Driver/Src/stm32f3xx_hal.o
 .ARM.attributes
                0x0000000000000278       0x39 Drivers/STM32F3xx_HAL_Driver/Src/stm32f3xx_hal_cortex.o
 .ARM.attributes
                0x00000000000002b1       0x39 Drivers/STM32F3xx_HAL_Driver/Src/stm32f3xx_hal_crc.o
 .ARM.attributes
                0x00000000000002ea       0x39 Drivers/STM32F3xx_HAL_Driver/Src/stm32f3xx_hal_crc_ex.o
 .ARM.attributes
                0x0000000000000323       0x39 Drivers/STM32F3xx_HAL_Driver/Src/stm32f3xx_hal_dma.o
 .ARM.attributes
                0x000000000000035c       0x39 Drivers/STM32F3xx_HAL_Driver/Src/stm32f3xx_hal_flash.o
 .ARM.attributes
                0x0000000000000395       0x39 Drivers/STM32F3xx_HAL_Driver/Src/stm32f3xx_hal_flash_ex.o
 .ARM.attributes
                0x00000000000003ce       0x39 Drivers/STM32F3xx_HAL_Driver/Src/stm32f3xx_hal_gpio.o
 .ARM.attributes
                0x0000000000000407       0x39 Drivers/STM32F3xx_HAL_Driver/Src/stm32f3xx_hal_rcc.o
 .ARM.attributes
                0x0000000000000440       0x39 Drivers/STM32F3xx_HAL_Driver/Src/stm32f3xx_hal_rcc_ex.o
 .ARM.attributes
                0x0000000000000479       0x39 Drivers/STM32F3xx_HAL_Driver/Src/stm32f3xx_hal_uart.o
 .ARM.attributes
                0x00000000000004b2       0x34 c:/st/stm32cubeide_1.5.0/stm32cubeide/plugins/com.st.stm32cube.ide.mcu.externaltools.gnu-tools-for-stm32.7-2018-q2-update.win32_1.5.0.202011040924/tools/bin/../lib/gcc/arm-none-eabi/7.3.1/../../../../arm-none-eabi/lib/thumb/v7e-m/fpv4-sp/hard\libc_nano.a(lib_a-errno.o)
 .ARM.attributes
                0x00000000000004e6       0x34 c:/st/stm32cubeide_1.5.0/stm32cubeide/plugins/com.st.stm32cube.ide.mcu.externaltools.gnu-tools-for-stm32.7-2018-q2-update.win32_1.5.0.202011040924/tools/bin/../lib/gcc/arm-none-eabi/7.3.1/../../../../arm-none-eabi/lib/thumb/v7e-m/fpv4-sp/hard\libc_nano.a(lib_a-impure.o)
 .ARM.attributes
                0x000000000000051a       0x34 c:/st/stm32cubeide_1.5.0/stm32cubeide/plugins/com.st.stm32cube.ide.mcu.externaltools.gnu-tools-for-stm32.7-2018-q2-update.win32_1.5.0.202011040924/tools/bin/../lib/gcc/arm-none-eabi/7.3.1/../../../../arm-none-eabi/lib/thumb/v7e-m/fpv4-sp/hard\libc_nano.a(lib_a-init.o)
 .ARM.attributes
                0x000000000000054e       0x34 c:/st/stm32cubeide_1.5.0/stm32cubeide/plugins/com.st.stm32cube.ide.mcu.externaltools.gnu-tools-for-stm32.7-2018-q2-update.win32_1.5.0.202011040924/tools/bin/../lib/gcc/arm-none-eabi/7.3.1/../../../../arm-none-eabi/lib/thumb/v7e-m/fpv4-sp/hard\libc_nano.a(lib_a-memset.o)
 .ARM.attributes
                0x0000000000000582       0x1b c:/st/stm32cubeide_1.5.0/stm32cubeide/plugins/com.st.stm32cube.ide.mcu.externaltools.gnu-tools-for-stm32.7-2018-q2-update.win32_1.5.0.202011040924/tools/bin/../lib/gcc/arm-none-eabi/7.3.1/../../../../arm-none-eabi/lib/thumb/v7e-m/fpv4-sp/hard\libc_nano.a(lib_a-strlen.o)
 .ARM.attributes
                0x000000000000059d       0x34 c:/st/stm32cubeide_1.5.0/stm32cubeide/plugins/com.st.stm32cube.ide.mcu.externaltools.gnu-tools-for-stm32.7-2018-q2-update.win32_1.5.0.202011040924/tools/bin/../lib/gcc/arm-none-eabi/7.3.1/../../../../arm-none-eabi/lib/thumb/v7e-m/fpv4-sp/hard\libc_nano.a(lib_a-strtol.o)
 .ARM.attributes
                0x00000000000005d1       0x34 c:/st/stm32cubeide_1.5.0/stm32cubeide/plugins/com.st.stm32cube.ide.mcu.externaltools.gnu-tools-for-stm32.7-2018-q2-update.win32_1.5.0.202011040924/tools/bin/../lib/gcc/arm-none-eabi/7.3.1/../../../../arm-none-eabi/lib/thumb/v7e-m/fpv4-sp/hard\libc_nano.a(lib_a-vsprintf.o)
 .ARM.attributes
                0x0000000000000605       0x34 c:/st/stm32cubeide_1.5.0/stm32cubeide/plugins/com.st.stm32cube.ide.mcu.externaltools.gnu-tools-for-stm32.7-2018-q2-update.win32_1.5.0.202011040924/tools/bin/../lib/gcc/arm-none-eabi/7.3.1/../../../../arm-none-eabi/lib/thumb/v7e-m/fpv4-sp/hard\libc_nano.a(lib_a-locale.o)
 .ARM.attributes
                0x0000000000000639       0x34 c:/st/stm32cubeide_1.5.0/stm32cubeide/plugins/com.st.stm32cube.ide.mcu.externaltools.gnu-tools-for-stm32.7-2018-q2-update.win32_1.5.0.202011040924/tools/bin/../lib/gcc/arm-none-eabi/7.3.1/../../../../arm-none-eabi/lib/thumb/v7e-m/fpv4-sp/hard\libc_nano.a(lib_a-mbtowc_r.o)
 .ARM.attributes
                0x000000000000066d       0x34 c:/st/stm32cubeide_1.5.0/stm32cubeide/plugins/com.st.stm32cube.ide.mcu.externaltools.gnu-tools-for-stm32.7-2018-q2-update.win32_1.5.0.202011040924/tools/bin/../lib/gcc/arm-none-eabi/7.3.1/../../../../arm-none-eabi/lib/thumb/v7e-m/fpv4-sp/hard\libc_nano.a(lib_a-nano-svfprintf.o)
 .ARM.attributes
                0x00000000000006a1       0x34 c:/st/stm32cubeide_1.5.0/stm32cubeide/plugins/com.st.stm32cube.ide.mcu.externaltools.gnu-tools-for-stm32.7-2018-q2-update.win32_1.5.0.202011040924/tools/bin/../lib/gcc/arm-none-eabi/7.3.1/../../../../arm-none-eabi/lib/thumb/v7e-m/fpv4-sp/hard\libc_nano.a(lib_a-nano-vfprintf_i.o)
 .ARM.attributes
                0x00000000000006d5       0x34 c:/st/stm32cubeide_1.5.0/stm32cubeide/plugins/com.st.stm32cube.ide.mcu.externaltools.gnu-tools-for-stm32.7-2018-q2-update.win32_1.5.0.202011040924/tools/bin/../lib/gcc/arm-none-eabi/7.3.1/../../../../arm-none-eabi/lib/thumb/v7e-m/fpv4-sp/hard\libc_nano.a(lib_a-wctomb_r.o)
 .ARM.attributes
                0x0000000000000709       0x34 c:/st/stm32cubeide_1.5.0/stm32cubeide/plugins/com.st.stm32cube.ide.mcu.externaltools.gnu-tools-for-stm32.7-2018-q2-update.win32_1.5.0.202011040924/tools/bin/../lib/gcc/arm-none-eabi/7.3.1/../../../../arm-none-eabi/lib/thumb/v7e-m/fpv4-sp/hard\libc_nano.a(lib_a-ctype_.o)
 .ARM.attributes
                0x000000000000073d       0x20 c:/st/stm32cubeide_1.5.0/stm32cubeide/plugins/com.st.stm32cube.ide.mcu.externaltools.gnu-tools-for-stm32.7-2018-q2-update.win32_1.5.0.202011040924/tools/bin/../lib/gcc/arm-none-eabi/7.3.1/../../../../arm-none-eabi/lib/thumb/v7e-m/fpv4-sp/hard\libc_nano.a(lib_a-memchr.o)
 .ARM.attributes
                0x000000000000075d       0x34 c:/st/stm32cubeide_1.5.0/stm32cubeide/plugins/com.st.stm32cube.ide.mcu.externaltools.gnu-tools-for-stm32.7-2018-q2-update.win32_1.5.0.202011040924/tools/bin/../lib/gcc/arm-none-eabi/7.3.1/../../../../arm-none-eabi/lib/thumb/v7e-m/fpv4-sp/hard\libc_nano.a(lib_a-memcpy-stub.o)
 .ARM.attributes
                0x0000000000000791       0x34 c:/st/stm32cubeide_1.5.0/stm32cubeide/plugins/com.st.stm32cube.ide.mcu.externaltools.gnu-tools-for-stm32.7-2018-q2-update.win32_1.5.0.202011040924/tools/bin/../lib/gcc/arm-none-eabi/7.3.1/../../../../arm-none-eabi/lib/thumb/v7e-m/fpv4-sp/hard\libc_nano.a(lib_a-memmove.o)
 .ARM.attributes
                0x00000000000007c5       0x34 c:/st/stm32cubeide_1.5.0/stm32cubeide/plugins/com.st.stm32cube.ide.mcu.externaltools.gnu-tools-for-stm32.7-2018-q2-update.win32_1.5.0.202011040924/tools/bin/../lib/gcc/arm-none-eabi/7.3.1/../../../../arm-none-eabi/lib/thumb/v7e-m/fpv4-sp/hard\libc_nano.a(lib_a-nano-freer.o)
 .ARM.attributes
                0x00000000000007f9       0x34 c:/st/stm32cubeide_1.5.0/stm32cubeide/plugins/com.st.stm32cube.ide.mcu.externaltools.gnu-tools-for-stm32.7-2018-q2-update.win32_1.5.0.202011040924/tools/bin/../lib/gcc/arm-none-eabi/7.3.1/../../../../arm-none-eabi/lib/thumb/v7e-m/fpv4-sp/hard\libc_nano.a(lib_a-nano-mallocr.o)
 .ARM.attributes
                0x000000000000082d       0x34 c:/st/stm32cubeide_1.5.0/stm32cubeide/plugins/com.st.stm32cube.ide.mcu.externaltools.gnu-tools-for-stm32.7-2018-q2-update.win32_1.5.0.202011040924/tools/bin/../lib/gcc/arm-none-eabi/7.3.1/../../../../arm-none-eabi/lib/thumb/v7e-m/fpv4-sp/hard\libc_nano.a(lib_a-nano-reallocr.o)
 .ARM.attributes
                0x0000000000000861       0x34 c:/st/stm32cubeide_1.5.0/stm32cubeide/plugins/com.st.stm32cube.ide.mcu.externaltools.gnu-tools-for-stm32.7-2018-q2-update.win32_1.5.0.202011040924/tools/bin/../lib/gcc/arm-none-eabi/7.3.1/../../../../arm-none-eabi/lib/thumb/v7e-m/fpv4-sp/hard\libc_nano.a(lib_a-sbrkr.o)
 .ARM.attributes
                0x0000000000000895       0x34 c:/st/stm32cubeide_1.5.0/stm32cubeide/plugins/com.st.stm32cube.ide.mcu.externaltools.gnu-tools-for-stm32.7-2018-q2-update.win32_1.5.0.202011040924/tools/bin/../lib/gcc/arm-none-eabi/7.3.1/../../../../arm-none-eabi/lib/thumb/v7e-m/fpv4-sp/hard\libc_nano.a(lib_a-mlock.o)
 .ARM.attributes
                0x00000000000008c9       0x34 c:/st/stm32cubeide_1.5.0/stm32cubeide/plugins/com.st.stm32cube.ide.mcu.externaltools.gnu-tools-for-stm32.7-2018-q2-update.win32_1.5.0.202011040924/tools/bin/../lib/gcc/arm-none-eabi/7.3.1/../../../../arm-none-eabi/lib/thumb/v7e-m/fpv4-sp/hard\libc_nano.a(lib_a-nano-msizer.o)
 .ARM.attributes
                0x00000000000008fd       0x34 c:/st/stm32cubeide_1.5.0/stm32cubeide/plugins/com.st.stm32cube.ide.mcu.externaltools.gnu-tools-for-stm32.7-2018-q2-update.win32_1.5.0.202011040924/tools/bin/../lib/gcc/arm-none-eabi/7.3.1/../../../../arm-none-eabi/lib/thumb/v7e-m/fpv4-sp/hard\libc_nano.a(lib_a-reent.o)
 .ARM.attributes
                0x0000000000000931       0x22 c:/st/stm32cubeide_1.5.0/stm32cubeide/plugins/com.st.stm32cube.ide.mcu.externaltools.gnu-tools-for-stm32.7-2018-q2-update.win32_1.5.0.202011040924/tools/bin/../lib/gcc/arm-none-eabi/7.3.1/thumb/v7e-m/fpv4-sp/hard/crtn.o
OUTPUT(Custom_Bootloader_MSA_Project_2.elf elf32-littlearm)

.debug_info     0x0000000000000000     0xbbd3
 .debug_info    0x0000000000000000      0x338 Core/Src/flash.o
 .debug_info    0x0000000000000338     0x18ee Core/Src/main.o
 .debug_info    0x0000000000001c26      0xb43 Core/Src/stm32f3xx_hal_msp.o
 .debug_info    0x0000000000002769      0x20d Core/Src/stm32f3xx_it.o
 .debug_info    0x0000000000002976      0x985 Core/Src/sysmem.o
 .debug_info    0x00000000000032fb      0x45c Core/Src/system_stm32f3xx.o
 .debug_info    0x0000000000003757      0x7a9 Core/Src/uart.o
 .debug_info    0x0000000000003f00      0x937 Core/Src/xmodem.o
 .debug_info    0x0000000000004837       0x22 Core/Startup/startup_stm32f303retx.o
 .debug_info    0x0000000000004859      0x812 Drivers/STM32F3xx_HAL_Driver/Src/stm32f3xx_hal.o
 .debug_info    0x000000000000506b      0xdc9 Drivers/STM32F3xx_HAL_Driver/Src/stm32f3xx_hal_cortex.o
 .debug_info    0x0000000000005e34      0x5df Drivers/STM32F3xx_HAL_Driver/Src/stm32f3xx_hal_crc.o
 .debug_info    0x0000000000006413      0x429 Drivers/STM32F3xx_HAL_Driver/Src/stm32f3xx_hal_crc_ex.o
 .debug_info    0x000000000000683c      0x7cb Drivers/STM32F3xx_HAL_Driver/Src/stm32f3xx_hal_dma.o
 .debug_info    0x0000000000007007      0x5a6 Drivers/STM32F3xx_HAL_Driver/Src/stm32f3xx_hal_flash.o
 .debug_info    0x00000000000075ad      0x89c Drivers/STM32F3xx_HAL_Driver/Src/stm32f3xx_hal_flash_ex.o
 .debug_info    0x0000000000007e49      0x7c1 Drivers/STM32F3xx_HAL_Driver/Src/stm32f3xx_hal_gpio.o
 .debug_info    0x000000000000860a     0x181f Drivers/STM32F3xx_HAL_Driver/Src/stm32f3xx_hal_rcc.o
 .debug_info    0x0000000000009e29      0x708 Drivers/STM32F3xx_HAL_Driver/Src/stm32f3xx_hal_rcc_ex.o
 .debug_info    0x000000000000a531     0x16a2 Drivers/STM32F3xx_HAL_Driver/Src/stm32f3xx_hal_uart.o

.debug_abbrev   0x0000000000000000     0x2410
 .debug_abbrev  0x0000000000000000      0x171 Core/Src/flash.o
 .debug_abbrev  0x0000000000000171      0x301 Core/Src/main.o
 .debug_abbrev  0x0000000000000472      0x1a6 Core/Src/stm32f3xx_hal_msp.o
 .debug_abbrev  0x0000000000000618       0xc6 Core/Src/stm32f3xx_it.o
 .debug_abbrev  0x00000000000006de      0x19b Core/Src/sysmem.o
 .debug_abbrev  0x0000000000000879      0x12b Core/Src/system_stm32f3xx.o
 .debug_abbrev  0x00000000000009a4      0x18b Core/Src/uart.o
 .debug_abbrev  0x0000000000000b2f      0x1b3 Core/Src/xmodem.o
 .debug_abbrev  0x0000000000000ce2       0x12 Core/Startup/startup_stm32f303retx.o
 .debug_abbrev  0x0000000000000cf4      0x1c7 Drivers/STM32F3xx_HAL_Driver/Src/stm32f3xx_hal.o
 .debug_abbrev  0x0000000000000ebb      0x2fa Drivers/STM32F3xx_HAL_Driver/Src/stm32f3xx_hal_cortex.o
 .debug_abbrev  0x00000000000011b5      0x1d1 Drivers/STM32F3xx_HAL_Driver/Src/stm32f3xx_hal_crc.o
 .debug_abbrev  0x0000000000001386      0x165 Drivers/STM32F3xx_HAL_Driver/Src/stm32f3xx_hal_crc_ex.o
 .debug_abbrev  0x00000000000014eb      0x1fe Drivers/STM32F3xx_HAL_Driver/Src/stm32f3xx_hal_dma.o
 .debug_abbrev  0x00000000000016e9      0x22e Drivers/STM32F3xx_HAL_Driver/Src/stm32f3xx_hal_flash.o
 .debug_abbrev  0x0000000000001917      0x27f Drivers/STM32F3xx_HAL_Driver/Src/stm32f3xx_hal_flash_ex.o
 .debug_abbrev  0x0000000000001b96      0x1c0 Drivers/STM32F3xx_HAL_Driver/Src/stm32f3xx_hal_gpio.o
 .debug_abbrev  0x0000000000001d56      0x28c Drivers/STM32F3xx_HAL_Driver/Src/stm32f3xx_hal_rcc.o
 .debug_abbrev  0x0000000000001fe2      0x219 Drivers/STM32F3xx_HAL_Driver/Src/stm32f3xx_hal_rcc_ex.o
 .debug_abbrev  0x00000000000021fb      0x215 Drivers/STM32F3xx_HAL_Driver/Src/stm32f3xx_hal_uart.o

.debug_aranges  0x0000000000000000      0x990
 .debug_aranges
                0x0000000000000000       0x30 Core/Src/flash.o
 .debug_aranges
                0x0000000000000030       0x78 Core/Src/main.o
 .debug_aranges
                0x00000000000000a8       0x40 Core/Src/stm32f3xx_hal_msp.o
 .debug_aranges
                0x00000000000000e8       0x60 Core/Src/stm32f3xx_it.o
 .debug_aranges
                0x0000000000000148       0x20 Core/Src/sysmem.o
 .debug_aranges
                0x0000000000000168       0x28 Core/Src/system_stm32f3xx.o
 .debug_aranges
                0x0000000000000190       0x30 Core/Src/uart.o
 .debug_aranges
                0x00000000000001c0       0x38 Core/Src/xmodem.o
 .debug_aranges
                0x00000000000001f8       0x28 Core/Startup/startup_stm32f303retx.o
 .debug_aranges
                0x0000000000000220       0xe0 Drivers/STM32F3xx_HAL_Driver/Src/stm32f3xx_hal.o
 .debug_aranges
                0x0000000000000300      0x118 Drivers/STM32F3xx_HAL_Driver/Src/stm32f3xx_hal_cortex.o
 .debug_aranges
                0x0000000000000418       0x60 Drivers/STM32F3xx_HAL_Driver/Src/stm32f3xx_hal_crc.o
 .debug_aranges
                0x0000000000000478       0x30 Drivers/STM32F3xx_HAL_Driver/Src/stm32f3xx_hal_crc_ex.o
 .debug_aranges
                0x00000000000004a8       0x88 Drivers/STM32F3xx_HAL_Driver/Src/stm32f3xx_hal_dma.o
 .debug_aranges
                0x0000000000000530       0x88 Drivers/STM32F3xx_HAL_Driver/Src/stm32f3xx_hal_flash.o
 .debug_aranges
                0x00000000000005b8       0x98 Drivers/STM32F3xx_HAL_Driver/Src/stm32f3xx_hal_flash_ex.o
 .debug_aranges
                0x0000000000000650       0x58 Drivers/STM32F3xx_HAL_Driver/Src/stm32f3xx_hal_gpio.o
 .debug_aranges
                0x00000000000006a8       0x88 Drivers/STM32F3xx_HAL_Driver/Src/stm32f3xx_hal_rcc.o
 .debug_aranges
                0x0000000000000730       0x38 Drivers/STM32F3xx_HAL_Driver/Src/stm32f3xx_hal_rcc_ex.o
 .debug_aranges
                0x0000000000000768      0x228 Drivers/STM32F3xx_HAL_Driver/Src/stm32f3xx_hal_uart.o

.debug_ranges   0x0000000000000000      0x888
 .debug_ranges  0x0000000000000000       0x20 Core/Src/flash.o
 .debug_ranges  0x0000000000000020       0x68 Core/Src/main.o
 .debug_ranges  0x0000000000000088       0x30 Core/Src/stm32f3xx_hal_msp.o
 .debug_ranges  0x00000000000000b8       0x50 Core/Src/stm32f3xx_it.o
 .debug_ranges  0x0000000000000108       0x10 Core/Src/sysmem.o
 .debug_ranges  0x0000000000000118       0x18 Core/Src/system_stm32f3xx.o
 .debug_ranges  0x0000000000000130       0x20 Core/Src/uart.o
 .debug_ranges  0x0000000000000150       0x28 Core/Src/xmodem.o
 .debug_ranges  0x0000000000000178       0x20 Core/Startup/startup_stm32f303retx.o
 .debug_ranges  0x0000000000000198       0xd0 Drivers/STM32F3xx_HAL_Driver/Src/stm32f3xx_hal.o
 .debug_ranges  0x0000000000000268      0x108 Drivers/STM32F3xx_HAL_Driver/Src/stm32f3xx_hal_cortex.o
 .debug_ranges  0x0000000000000370       0x50 Drivers/STM32F3xx_HAL_Driver/Src/stm32f3xx_hal_crc.o
 .debug_ranges  0x00000000000003c0       0x20 Drivers/STM32F3xx_HAL_Driver/Src/stm32f3xx_hal_crc_ex.o
 .debug_ranges  0x00000000000003e0       0x78 Drivers/STM32F3xx_HAL_Driver/Src/stm32f3xx_hal_dma.o
 .debug_ranges  0x0000000000000458       0x78 Drivers/STM32F3xx_HAL_Driver/Src/stm32f3xx_hal_flash.o
 .debug_ranges  0x00000000000004d0       0x88 Drivers/STM32F3xx_HAL_Driver/Src/stm32f3xx_hal_flash_ex.o
 .debug_ranges  0x0000000000000558       0x48 Drivers/STM32F3xx_HAL_Driver/Src/stm32f3xx_hal_gpio.o
 .debug_ranges  0x00000000000005a0       0x78 Drivers/STM32F3xx_HAL_Driver/Src/stm32f3xx_hal_rcc.o
 .debug_ranges  0x0000000000000618       0x28 Drivers/STM32F3xx_HAL_Driver/Src/stm32f3xx_hal_rcc_ex.o
 .debug_ranges  0x0000000000000640      0x248 Drivers/STM32F3xx_HAL_Driver/Src/stm32f3xx_hal_uart.o

.debug_macro    0x0000000000000000    0x210c7
 .debug_macro   0x0000000000000000      0x1e6 Core/Src/flash.o
 .debug_macro   0x00000000000001e6      0xa5a Core/Src/flash.o
 .debug_macro   0x0000000000000c40      0x157 Core/Src/flash.o
 .debug_macro   0x0000000000000d97       0x2e Core/Src/flash.o
 .debug_macro   0x0000000000000dc5       0x28 Core/Src/flash.o
 .debug_macro   0x0000000000000ded       0x22 Core/Src/flash.o
 .debug_macro   0x0000000000000e0f       0x8e Core/Src/flash.o
 .debug_macro   0x0000000000000e9d       0x51 Core/Src/flash.o
 .debug_macro   0x0000000000000eee       0xef Core/Src/flash.o
 .debug_macro   0x0000000000000fdd       0x6a Core/Src/flash.o
 .debug_macro   0x0000000000001047      0x1df Core/Src/flash.o
 .debug_macro   0x0000000000001226       0x1c Core/Src/flash.o
 .debug_macro   0x0000000000001242       0x22 Core/Src/flash.o
 .debug_macro   0x0000000000001264       0xdf Core/Src/flash.o
 .debug_macro   0x0000000000001343     0x102d Core/Src/flash.o
 .debug_macro   0x0000000000002370      0x11f Core/Src/flash.o
 .debug_macro   0x000000000000248f    0x15353 Core/Src/flash.o
 .debug_macro   0x00000000000177e2       0x43 Core/Src/flash.o
 .debug_macro   0x0000000000017825     0x35e9 Core/Src/flash.o
 .debug_macro   0x000000000001ae0e      0x174 Core/Src/flash.o
 .debug_macro   0x000000000001af82       0x55 Core/Src/flash.o
 .debug_macro   0x000000000001afd7      0x954 Core/Src/flash.o
 .debug_macro   0x000000000001b92b      0x84a Core/Src/flash.o
 .debug_macro   0x000000000001c175      0x12f Core/Src/flash.o
 .debug_macro   0x000000000001c2a4      0x23a Core/Src/flash.o
 .debug_macro   0x000000000001c4de      0x1ea Core/Src/flash.o
 .debug_macro   0x000000000001c6c8      0x1bc Core/Src/flash.o
 .debug_macro   0x000000000001c884       0x30 Core/Src/flash.o
 .debug_macro   0x000000000001c8b4       0x3c Core/Src/flash.o
 .debug_macro   0x000000000001c8f0      0x236 Core/Src/flash.o
 .debug_macro   0x000000000001cb26       0xd5 Core/Src/flash.o
 .debug_macro   0x000000000001cbfb       0x4c Core/Src/flash.o
 .debug_macro   0x000000000001cc47       0xc5 Core/Src/flash.o
 .debug_macro   0x000000000001cd0c      0x21d Core/Src/flash.o
 .debug_macro   0x000000000001cf29      0x22c Core/Src/flash.o
 .debug_macro   0x000000000001d155       0x5b Core/Src/flash.o
 .debug_macro   0x000000000001d1b0       0xa5 Core/Src/flash.o
 .debug_macro   0x000000000001d255       0x81 Core/Src/flash.o
 .debug_macro   0x000000000001d2d6       0xd3 Core/Src/flash.o
 .debug_macro   0x000000000001d3a9      0x5a5 Core/Src/flash.o
 .debug_macro   0x000000000001d94e       0x44 Core/Src/flash.o
 .debug_macro   0x000000000001d992      0x347 Core/Src/flash.o
 .debug_macro   0x000000000001dcd9       0x10 Core/Src/flash.o
 .debug_macro   0x000000000001dce9      0x3e0 Core/Src/main.o
 .debug_macro   0x000000000001e0c9       0x58 Core/Src/main.o
 .debug_macro   0x000000000001e121       0x40 Core/Src/main.o
 .debug_macro   0x000000000001e161       0x18 Core/Src/main.o
 .debug_macro   0x000000000001e179       0x94 Core/Src/main.o
 .debug_macro   0x000000000001e20d       0x3c Core/Src/main.o
 .debug_macro   0x000000000001e249       0x34 Core/Src/main.o
 .debug_macro   0x000000000001e27d       0x57 Core/Src/main.o
 .debug_macro   0x000000000001e2d4       0x52 Core/Src/main.o
 .debug_macro   0x000000000001e326       0x1f Core/Src/main.o
 .debug_macro   0x000000000001e345       0x43 Core/Src/main.o
 .debug_macro   0x000000000001e388       0x20 Core/Src/main.o
 .debug_macro   0x000000000001e3a8      0x1a3 Core/Src/main.o
 .debug_macro   0x000000000001e54b      0x330 Core/Src/main.o
 .debug_macro   0x000000000001e87b       0x10 Core/Src/main.o
 .debug_macro   0x000000000001e88b       0x35 Core/Src/main.o
 .debug_macro   0x000000000001e8c0       0x20 Core/Src/main.o
 .debug_macro   0x000000000001e8e0       0x1c Core/Src/main.o
 .debug_macro   0x000000000001e8fc       0x10 Core/Src/main.o
 .debug_macro   0x000000000001e90c       0x1c Core/Src/main.o
 .debug_macro   0x000000000001e928       0x52 Core/Src/main.o
 .debug_macro   0x000000000001e97a       0x40 Core/Src/main.o
 .debug_macro   0x000000000001e9ba       0x10 Core/Src/main.o
 .debug_macro   0x000000000001e9ca       0x40 Core/Src/main.o
 .debug_macro   0x000000000001ea0a       0xd7 Core/Src/main.o
 .debug_macro   0x000000000001eae1       0x1c Core/Src/main.o
 .debug_macro   0x000000000001eafd       0x3d Core/Src/main.o
 .debug_macro   0x000000000001eb3a       0x16 Core/Src/main.o
 .debug_macro   0x000000000001eb50      0x145 Core/Src/main.o
 .debug_macro   0x000000000001ec95       0x16 Core/Src/main.o
 .debug_macro   0x000000000001ecab       0x16 Core/Src/main.o
 .debug_macro   0x000000000001ecc1       0x29 Core/Src/main.o
 .debug_macro   0x000000000001ecea       0xd9 Core/Src/main.o
 .debug_macro   0x000000000001edc3       0x4f Core/Src/main.o
 .debug_macro   0x000000000001ee12       0x58 Core/Src/main.o
 .debug_macro   0x000000000001ee6a       0x10 Core/Src/main.o
 .debug_macro   0x000000000001ee7a       0x16 Core/Src/main.o
 .debug_macro   0x000000000001ee90       0x22 Core/Src/main.o
 .debug_macro   0x000000000001eeb2       0x64 Core/Src/main.o
 .debug_macro   0x000000000001ef16      0x1e6 Core/Src/stm32f3xx_hal_msp.o
 .debug_macro   0x000000000001f0fc      0x1f0 Core/Src/stm32f3xx_it.o
 .debug_macro   0x000000000001f2ec       0xee Core/Src/sysmem.o
 .debug_macro   0x000000000001f3da      0x23b Core/Src/sysmem.o
 .debug_macro   0x000000000001f615      0x1d7 Core/Src/system_stm32f3xx.o
 .debug_macro   0x000000000001f7ec      0x1e7 Core/Src/uart.o
 .debug_macro   0x000000000001f9d3      0x208 Core/Src/xmodem.o
 .debug_macro   0x000000000001fbdb      0x1fb Drivers/STM32F3xx_HAL_Driver/Src/stm32f3xx_hal.o
 .debug_macro   0x000000000001fdd6      0x1d7 Drivers/STM32F3xx_HAL_Driver/Src/stm32f3xx_hal_cortex.o
 .debug_macro   0x000000000001ffad      0x1d7 Drivers/STM32F3xx_HAL_Driver/Src/stm32f3xx_hal_crc.o
 .debug_macro   0x0000000000020184      0x1d7 Drivers/STM32F3xx_HAL_Driver/Src/stm32f3xx_hal_crc_ex.o
 .debug_macro   0x000000000002035b      0x1d7 Drivers/STM32F3xx_HAL_Driver/Src/stm32f3xx_hal_dma.o
 .debug_macro   0x0000000000020532      0x1d7 Drivers/STM32F3xx_HAL_Driver/Src/stm32f3xx_hal_flash.o
 .debug_macro   0x0000000000020709      0x1e9 Drivers/STM32F3xx_HAL_Driver/Src/stm32f3xx_hal_flash_ex.o
 .debug_macro   0x00000000000208f2      0x20f Drivers/STM32F3xx_HAL_Driver/Src/stm32f3xx_hal_gpio.o
 .debug_macro   0x0000000000020b01      0x1fb Drivers/STM32F3xx_HAL_Driver/Src/stm32f3xx_hal_rcc.o
 .debug_macro   0x0000000000020cfc      0x1d7 Drivers/STM32F3xx_HAL_Driver/Src/stm32f3xx_hal_rcc_ex.o
 .debug_macro   0x0000000000020ed3      0x1f4 Drivers/STM32F3xx_HAL_Driver/Src/stm32f3xx_hal_uart.o

.debug_line     0x0000000000000000     0xad80
 .debug_line    0x0000000000000000      0x737 Core/Src/flash.o
 .debug_line    0x0000000000000737      0xaeb Core/Src/main.o
 .debug_line    0x0000000000001222      0x758 Core/Src/stm32f3xx_hal_msp.o
 .debug_line    0x000000000000197a      0x794 Core/Src/stm32f3xx_it.o
 .debug_line    0x000000000000210e      0x4c7 Core/Src/sysmem.o
 .debug_line    0x00000000000025d5      0x70b Core/Src/system_stm32f3xx.o
 .debug_line    0x0000000000002ce0      0x70c Core/Src/uart.o
 .debug_line    0x00000000000033ec      0x7c2 Core/Src/xmodem.o
 .debug_line    0x0000000000003bae       0x88 Core/Startup/startup_stm32f303retx.o
 .debug_line    0x0000000000003c36      0x8c7 Drivers/STM32F3xx_HAL_Driver/Src/stm32f3xx_hal.o
 .debug_line    0x00000000000044fd      0x9fc Drivers/STM32F3xx_HAL_Driver/Src/stm32f3xx_hal_cortex.o
 .debug_line    0x0000000000004ef9      0x842 Drivers/STM32F3xx_HAL_Driver/Src/stm32f3xx_hal_crc.o
 .debug_line    0x000000000000573b      0x750 Drivers/STM32F3xx_HAL_Driver/Src/stm32f3xx_hal_crc_ex.o
 .debug_line    0x0000000000005e8b      0x906 Drivers/STM32F3xx_HAL_Driver/Src/stm32f3xx_hal_dma.o
 .debug_line    0x0000000000006791      0x8ac Drivers/STM32F3xx_HAL_Driver/Src/stm32f3xx_hal_flash.o
 .debug_line    0x000000000000703d      0x953 Drivers/STM32F3xx_HAL_Driver/Src/stm32f3xx_hal_flash_ex.o
 .debug_line    0x0000000000007990      0x8a2 Drivers/STM32F3xx_HAL_Driver/Src/stm32f3xx_hal_gpio.o
 .debug_line    0x0000000000008232      0xe42 Drivers/STM32F3xx_HAL_Driver/Src/stm32f3xx_hal_rcc.o
 .debug_line    0x0000000000009074      0xa6a Drivers/STM32F3xx_HAL_Driver/Src/stm32f3xx_hal_rcc_ex.o
 .debug_line    0x0000000000009ade     0x12a2 Drivers/STM32F3xx_HAL_Driver/Src/stm32f3xx_hal_uart.o

.debug_str      0x0000000000000000    0xc2356
 .debug_str     0x0000000000000000    0xba75a Core/Src/flash.o
                                      0xbae16 (size before relaxing)
 .debug_str     0x00000000000ba75a     0x5098 Core/Src/main.o
                                      0xbff57 (size before relaxing)
 .debug_str     0x00000000000bf7f2       0x78 Core/Src/stm32f3xx_hal_msp.o
                                      0xbb3e9 (size before relaxing)
 .debug_str     0x00000000000bf86a       0xbd Core/Src/stm32f3xx_it.o
                                      0xbae1f (size before relaxing)
 .debug_str     0x00000000000bf927      0x4e9 Core/Src/sysmem.o
                                       0x5f7b (size before relaxing)
 .debug_str     0x00000000000bfe10       0xb3 Core/Src/system_stm32f3xx.o
                                      0xbad42 (size before relaxing)
 .debug_str     0x00000000000bfec3       0x66 Core/Src/uart.o
                                      0xbb0f2 (size before relaxing)
 .debug_str     0x00000000000bff29      0x1a0 Core/Src/xmodem.o
                                      0xbb559 (size before relaxing)
 .debug_str     0x00000000000c00c9       0x36 Core/Startup/startup_stm32f303retx.o
                                         0x88 (size before relaxing)
 .debug_str     0x00000000000c00ff      0x67e Drivers/STM32F3xx_HAL_Driver/Src/stm32f3xx_hal.o
                                      0xbb549 (size before relaxing)
 .debug_str     0x00000000000c077d      0x3b1 Drivers/STM32F3xx_HAL_Driver/Src/stm32f3xx_hal_cortex.o
                                      0xbb657 (size before relaxing)
 .debug_str     0x00000000000c0b2e       0xc0 Drivers/STM32F3xx_HAL_Driver/Src/stm32f3xx_hal_crc.o
                                      0xbaf11 (size before relaxing)
 .debug_str     0x00000000000c0bee       0x82 Drivers/STM32F3xx_HAL_Driver/Src/stm32f3xx_hal_crc_ex.o
                                      0xbaee4 (size before relaxing)
 .debug_str     0x00000000000c0c70      0x24d Drivers/STM32F3xx_HAL_Driver/Src/stm32f3xx_hal_dma.o
                                      0xbb0bc (size before relaxing)
 .debug_str     0x00000000000c0ebd      0x280 Drivers/STM32F3xx_HAL_Driver/Src/stm32f3xx_hal_flash.o
                                      0xbaf9f (size before relaxing)
 .debug_str     0x00000000000c113d      0x366 Drivers/STM32F3xx_HAL_Driver/Src/stm32f3xx_hal_flash_ex.o
                                      0xbb19c (size before relaxing)
 .debug_str     0x00000000000c14a3      0x27e Drivers/STM32F3xx_HAL_Driver/Src/stm32f3xx_hal_gpio.o
                                      0xbb020 (size before relaxing)
 .debug_str     0x00000000000c1721      0x2ea Drivers/STM32F3xx_HAL_Driver/Src/stm32f3xx_hal_rcc.o
                                      0xbb1b4 (size before relaxing)
 .debug_str     0x00000000000c1a0b       0xd8 Drivers/STM32F3xx_HAL_Driver/Src/stm32f3xx_hal_rcc_ex.o
                                      0xbaffe (size before relaxing)
 .debug_str     0x00000000000c1ae3      0x873 Drivers/STM32F3xx_HAL_Driver/Src/stm32f3xx_hal_uart.o
                                      0xbb99d (size before relaxing)

.comment        0x0000000000000000       0x7b
 .comment       0x0000000000000000       0x7b Core/Src/flash.o
                                         0x7c (size before relaxing)
 .comment       0x000000000000007b       0x7c Core/Src/main.o
 .comment       0x000000000000007b       0x7c Core/Src/stm32f3xx_hal_msp.o
 .comment       0x000000000000007b       0x7c Core/Src/stm32f3xx_it.o
 .comment       0x000000000000007b       0x7c Core/Src/sysmem.o
 .comment       0x000000000000007b       0x7c Core/Src/system_stm32f3xx.o
 .comment       0x000000000000007b       0x7c Core/Src/uart.o
 .comment       0x000000000000007b       0x7c Core/Src/xmodem.o
 .comment       0x000000000000007b       0x7c Drivers/STM32F3xx_HAL_Driver/Src/stm32f3xx_hal.o
 .comment       0x000000000000007b       0x7c Drivers/STM32F3xx_HAL_Driver/Src/stm32f3xx_hal_cortex.o
 .comment       0x000000000000007b       0x7c Drivers/STM32F3xx_HAL_Driver/Src/stm32f3xx_hal_crc.o
 .comment       0x000000000000007b       0x7c Drivers/STM32F3xx_HAL_Driver/Src/stm32f3xx_hal_crc_ex.o
 .comment       0x000000000000007b       0x7c Drivers/STM32F3xx_HAL_Driver/Src/stm32f3xx_hal_dma.o
 .comment       0x000000000000007b       0x7c Drivers/STM32F3xx_HAL_Driver/Src/stm32f3xx_hal_flash.o
 .comment       0x000000000000007b       0x7c Drivers/STM32F3xx_HAL_Driver/Src/stm32f3xx_hal_flash_ex.o
 .comment       0x000000000000007b       0x7c Drivers/STM32F3xx_HAL_Driver/Src/stm32f3xx_hal_gpio.o
 .comment       0x000000000000007b       0x7c Drivers/STM32F3xx_HAL_Driver/Src/stm32f3xx_hal_rcc.o
 .comment       0x000000000000007b       0x7c Drivers/STM32F3xx_HAL_Driver/Src/stm32f3xx_hal_rcc_ex.o
 .comment       0x000000000000007b       0x7c Drivers/STM32F3xx_HAL_Driver/Src/stm32f3xx_hal_uart.o

.debug_frame    0x0000000000000000     0x28cc
 .debug_frame   0x0000000000000000       0x80 Core/Src/flash.o
 .debug_frame   0x0000000000000080      0x1bc Core/Src/main.o
 .debug_frame   0x000000000000023c       0xcc Core/Src/stm32f3xx_hal_msp.o
 .debug_frame   0x0000000000000308      0x104 Core/Src/stm32f3xx_it.o
 .debug_frame   0x000000000000040c       0x34 Core/Src/sysmem.o
 .debug_frame   0x0000000000000440       0x58 Core/Src/system_stm32f3xx.o
 .debug_frame   0x0000000000000498       0x7c Core/Src/uart.o
 .debug_frame   0x0000000000000514       0xa8 Core/Src/xmodem.o
 .debug_frame   0x00000000000005bc      0x334 Drivers/STM32F3xx_HAL_Driver/Src/stm32f3xx_hal.o
 .debug_frame   0x00000000000008f0      0x498 Drivers/STM32F3xx_HAL_Driver/Src/stm32f3xx_hal_cortex.o
 .debug_frame   0x0000000000000d88      0x168 Drivers/STM32F3xx_HAL_Driver/Src/stm32f3xx_hal_crc.o
 .debug_frame   0x0000000000000ef0       0x88 Drivers/STM32F3xx_HAL_Driver/Src/stm32f3xx_hal_crc_ex.o
 .debug_frame   0x0000000000000f78      0x224 Drivers/STM32F3xx_HAL_Driver/Src/stm32f3xx_hal_dma.o
 .debug_frame   0x000000000000119c      0x214 Drivers/STM32F3xx_HAL_Driver/Src/stm32f3xx_hal_flash.o
 .debug_frame   0x00000000000013b0      0x258 Drivers/STM32F3xx_HAL_Driver/Src/stm32f3xx_hal_flash_ex.o
 .debug_frame   0x0000000000001608      0x14c Drivers/STM32F3xx_HAL_Driver/Src/stm32f3xx_hal_gpio.o
 .debug_frame   0x0000000000001754      0x214 Drivers/STM32F3xx_HAL_Driver/Src/stm32f3xx_hal_rcc.o
 .debug_frame   0x0000000000001968       0xb4 Drivers/STM32F3xx_HAL_Driver/Src/stm32f3xx_hal_rcc_ex.o
 .debug_frame   0x0000000000001a1c      0x9e0 Drivers/STM32F3xx_HAL_Driver/Src/stm32f3xx_hal_uart.o
 .debug_frame   0x00000000000023fc       0x20 c:/st/stm32cubeide_1.5.0/stm32cubeide/plugins/com.st.stm32cube.ide.mcu.externaltools.gnu-tools-for-stm32.7-2018-q2-update.win32_1.5.0.202011040924/tools/bin/../lib/gcc/arm-none-eabi/7.3.1/../../../../arm-none-eabi/lib/thumb/v7e-m/fpv4-sp/hard\libc_nano.a(lib_a-errno.o)
 .debug_frame   0x000000000000241c       0x2c c:/st/stm32cubeide_1.5.0/stm32cubeide/plugins/com.st.stm32cube.ide.mcu.externaltools.gnu-tools-for-stm32.7-2018-q2-update.win32_1.5.0.202011040924/tools/bin/../lib/gcc/arm-none-eabi/7.3.1/../../../../arm-none-eabi/lib/thumb/v7e-m/fpv4-sp/hard\libc_nano.a(lib_a-init.o)
 .debug_frame   0x0000000000002448       0x20 c:/st/stm32cubeide_1.5.0/stm32cubeide/plugins/com.st.stm32cube.ide.mcu.externaltools.gnu-tools-for-stm32.7-2018-q2-update.win32_1.5.0.202011040924/tools/bin/../lib/gcc/arm-none-eabi/7.3.1/../../../../arm-none-eabi/lib/thumb/v7e-m/fpv4-sp/hard\libc_nano.a(lib_a-memset.o)
 .debug_frame   0x0000000000002468       0x84 c:/st/stm32cubeide_1.5.0/stm32cubeide/plugins/com.st.stm32cube.ide.mcu.externaltools.gnu-tools-for-stm32.7-2018-q2-update.win32_1.5.0.202011040924/tools/bin/../lib/gcc/arm-none-eabi/7.3.1/../../../../arm-none-eabi/lib/thumb/v7e-m/fpv4-sp/hard\libc_nano.a(lib_a-strtol.o)
 .debug_frame   0x00000000000024ec       0x3c c:/st/stm32cubeide_1.5.0/stm32cubeide/plugins/com.st.stm32cube.ide.mcu.externaltools.gnu-tools-for-stm32.7-2018-q2-update.win32_1.5.0.202011040924/tools/bin/../lib/gcc/arm-none-eabi/7.3.1/../../../../arm-none-eabi/lib/thumb/v7e-m/fpv4-sp/hard\libc_nano.a(lib_a-vsprintf.o)
 .debug_frame   0x0000000000002528       0x68 c:/st/stm32cubeide_1.5.0/stm32cubeide/plugins/com.st.stm32cube.ide.mcu.externaltools.gnu-tools-for-stm32.7-2018-q2-update.win32_1.5.0.202011040924/tools/bin/../lib/gcc/arm-none-eabi/7.3.1/../../../../arm-none-eabi/lib/thumb/v7e-m/fpv4-sp/hard\libc_nano.a(lib_a-locale.o)
 .debug_frame   0x0000000000002590       0x48 c:/st/stm32cubeide_1.5.0/stm32cubeide/plugins/com.st.stm32cube.ide.mcu.externaltools.gnu-tools-for-stm32.7-2018-q2-update.win32_1.5.0.202011040924/tools/bin/../lib/gcc/arm-none-eabi/7.3.1/../../../../arm-none-eabi/lib/thumb/v7e-m/fpv4-sp/hard\libc_nano.a(lib_a-mbtowc_r.o)
 .debug_frame   0x00000000000025d8       0x90 c:/st/stm32cubeide_1.5.0/stm32cubeide/plugins/com.st.stm32cube.ide.mcu.externaltools.gnu-tools-for-stm32.7-2018-q2-update.win32_1.5.0.202011040924/tools/bin/../lib/gcc/arm-none-eabi/7.3.1/../../../../arm-none-eabi/lib/thumb/v7e-m/fpv4-sp/hard\libc_nano.a(lib_a-nano-svfprintf.o)
 .debug_frame   0x0000000000002668       0x60 c:/st/stm32cubeide_1.5.0/stm32cubeide/plugins/com.st.stm32cube.ide.mcu.externaltools.gnu-tools-for-stm32.7-2018-q2-update.win32_1.5.0.202011040924/tools/bin/../lib/gcc/arm-none-eabi/7.3.1/../../../../arm-none-eabi/lib/thumb/v7e-m/fpv4-sp/hard\libc_nano.a(lib_a-nano-vfprintf_i.o)
 .debug_frame   0x00000000000026c8       0x3c c:/st/stm32cubeide_1.5.0/stm32cubeide/plugins/com.st.stm32cube.ide.mcu.externaltools.gnu-tools-for-stm32.7-2018-q2-update.win32_1.5.0.202011040924/tools/bin/../lib/gcc/arm-none-eabi/7.3.1/../../../../arm-none-eabi/lib/thumb/v7e-m/fpv4-sp/hard\libc_nano.a(lib_a-wctomb_r.o)
 .debug_frame   0x0000000000002704       0x28 c:/st/stm32cubeide_1.5.0/stm32cubeide/plugins/com.st.stm32cube.ide.mcu.externaltools.gnu-tools-for-stm32.7-2018-q2-update.win32_1.5.0.202011040924/tools/bin/../lib/gcc/arm-none-eabi/7.3.1/../../../../arm-none-eabi/lib/thumb/v7e-m/fpv4-sp/hard\libc_nano.a(lib_a-memcpy-stub.o)
 .debug_frame   0x000000000000272c       0x28 c:/st/stm32cubeide_1.5.0/stm32cubeide/plugins/com.st.stm32cube.ide.mcu.externaltools.gnu-tools-for-stm32.7-2018-q2-update.win32_1.5.0.202011040924/tools/bin/../lib/gcc/arm-none-eabi/7.3.1/../../../../arm-none-eabi/lib/thumb/v7e-m/fpv4-sp/hard\libc_nano.a(lib_a-memmove.o)
 .debug_frame   0x0000000000002754       0x38 c:/st/stm32cubeide_1.5.0/stm32cubeide/plugins/com.st.stm32cube.ide.mcu.externaltools.gnu-tools-for-stm32.7-2018-q2-update.win32_1.5.0.202011040924/tools/bin/../lib/gcc/arm-none-eabi/7.3.1/../../../../arm-none-eabi/lib/thumb/v7e-m/fpv4-sp/hard\libc_nano.a(lib_a-nano-freer.o)
 .debug_frame   0x000000000000278c       0x2c c:/st/stm32cubeide_1.5.0/stm32cubeide/plugins/com.st.stm32cube.ide.mcu.externaltools.gnu-tools-for-stm32.7-2018-q2-update.win32_1.5.0.202011040924/tools/bin/../lib/gcc/arm-none-eabi/7.3.1/../../../../arm-none-eabi/lib/thumb/v7e-m/fpv4-sp/hard\libc_nano.a(lib_a-nano-mallocr.o)
 .debug_frame   0x00000000000027b8       0x3c c:/st/stm32cubeide_1.5.0/stm32cubeide/plugins/com.st.stm32cube.ide.mcu.externaltools.gnu-tools-for-stm32.7-2018-q2-update.win32_1.5.0.202011040924/tools/bin/../lib/gcc/arm-none-eabi/7.3.1/../../../../arm-none-eabi/lib/thumb/v7e-m/fpv4-sp/hard\libc_nano.a(lib_a-nano-reallocr.o)
 .debug_frame   0x00000000000027f4       0x2c c:/st/stm32cubeide_1.5.0/stm32cubeide/plugins/com.st.stm32cube.ide.mcu.externaltools.gnu-tools-for-stm32.7-2018-q2-update.win32_1.5.0.202011040924/tools/bin/../lib/gcc/arm-none-eabi/7.3.1/../../../../arm-none-eabi/lib/thumb/v7e-m/fpv4-sp/hard\libc_nano.a(lib_a-sbrkr.o)
 .debug_frame   0x0000000000002820       0x30 c:/st/stm32cubeide_1.5.0/stm32cubeide/plugins/com.st.stm32cube.ide.mcu.externaltools.gnu-tools-for-stm32.7-2018-q2-update.win32_1.5.0.202011040924/tools/bin/../lib/gcc/arm-none-eabi/7.3.1/../../../../arm-none-eabi/lib/thumb/v7e-m/fpv4-sp/hard\libc_nano.a(lib_a-mlock.o)
 .debug_frame   0x0000000000002850       0x20 c:/st/stm32cubeide_1.5.0/stm32cubeide/plugins/com.st.stm32cube.ide.mcu.externaltools.gnu-tools-for-stm32.7-2018-q2-update.win32_1.5.0.202011040924/tools/bin/../lib/gcc/arm-none-eabi/7.3.1/../../../../arm-none-eabi/lib/thumb/v7e-m/fpv4-sp/hard\libc_nano.a(lib_a-nano-msizer.o)
 .debug_frame   0x0000000000002870       0x5c c:/st/stm32cubeide_1.5.0/stm32cubeide/plugins/com.st.stm32cube.ide.mcu.externaltools.gnu-tools-for-stm32.7-2018-q2-update.win32_1.5.0.202011040924/tools/bin/../lib/gcc/arm-none-eabi/7.3.1/../../../../arm-none-eabi/lib/thumb/v7e-m/fpv4-sp/hard\libc_nano.a(lib_a-reent.o)
